Archive member included to satisfy reference by file (symbol)

C:/ti/simplelink_cc32xx_sdk_7_10_00_13/source\ti/drivers/lib/gcc/m4/drivers_cc32xx.a(GPIOCC32XX.c.obj)
                              ./gpiointerrupt.o (GPIO_init)
C:/ti/simplelink_cc32xx_sdk_7_10_00_13/source\ti/drivers/lib/gcc/m4/drivers_cc32xx.a(I2C.c.obj)
                              ./gpiointerrupt.o (I2C_init)
C:/ti/simplelink_cc32xx_sdk_7_10_00_13/source\ti/drivers/lib/gcc/m4/drivers_cc32xx.a(I2CCC32XX.c.obj)
                              C:/ti/simplelink_cc32xx_sdk_7_10_00_13/source\ti/drivers/lib/gcc/m4/drivers_cc32xx.a(I2C.c.obj) (I2CSupport_primeTransfer)
C:/ti/simplelink_cc32xx_sdk_7_10_00_13/source\ti/drivers/lib/gcc/m4/drivers_cc32xx.a(PowerCC32XX.c.obj)
                              ./syscfg/ti_drivers_config.o (Power_init)
C:/ti/simplelink_cc32xx_sdk_7_10_00_13/source\ti/drivers/lib/gcc/m4/drivers_cc32xx.a(PowerCC32XX_gcc.asm.obj)
                              C:/ti/simplelink_cc32xx_sdk_7_10_00_13/source\ti/drivers/lib/gcc/m4/drivers_cc32xx.a(PowerCC32XX.c.obj) (PowerCC32XX_enterLPDS)
C:/ti/simplelink_cc32xx_sdk_7_10_00_13/source\ti/drivers/lib/gcc/m4/drivers_cc32xx.a(Timer.c.obj)
                              ./gpiointerrupt.o (Timer_init)
C:/ti/simplelink_cc32xx_sdk_7_10_00_13/source\ti/drivers/lib/gcc/m4/drivers_cc32xx.a(TimerCC32XX.c.obj)
                              ./gpiointerrupt.o (Timer_open)
C:/ti/simplelink_cc32xx_sdk_7_10_00_13/source\ti/drivers/lib/gcc/m4/drivers_cc32xx.a(UART2.c.obj)
                              ./gpiointerrupt.o (UART2_Params_init)
C:/ti/simplelink_cc32xx_sdk_7_10_00_13/source\ti/drivers/lib/gcc/m4/drivers_cc32xx.a(UART2CC32XX.c.obj)
                              ./gpiointerrupt.o (UART2_open)
C:/ti/simplelink_cc32xx_sdk_7_10_00_13/source\ti/drivers/lib/gcc/m4/drivers_cc32xx.a(List.c.obj)
                              C:/ti/simplelink_cc32xx_sdk_7_10_00_13/source\ti/drivers/lib/gcc/m4/drivers_cc32xx.a(PowerCC32XX.c.obj) (List_put)
C:/ti/simplelink_cc32xx_sdk_7_10_00_13/source\ti/drivers/lib/gcc/m4/drivers_cc32xx.a(RingBuf.c.obj)
                              C:/ti/simplelink_cc32xx_sdk_7_10_00_13/source\ti/drivers/lib/gcc/m4/drivers_cc32xx.a(UART2CC32XX.c.obj) (RingBuf_construct)
C:/ti/simplelink_cc32xx_sdk_7_10_00_13/source\ti/drivers/lib/gcc/m4/drivers_cc32xx.a(UDMACC32XX.c.obj)
                              C:/ti/simplelink_cc32xx_sdk_7_10_00_13/source\ti/drivers/lib/gcc/m4/drivers_cc32xx.a(UART2CC32XX.c.obj) (UDMACC32XX_close)
C:/ti/simplelink_cc32xx_sdk_7_10_00_13/kernel/nortos\lib/gcc/m4/nortos_cc32xx.a(NoRTOS.c.obj)
                              ./main_nortos.o (NoRTOS_start)
C:/ti/simplelink_cc32xx_sdk_7_10_00_13/kernel/nortos\lib/gcc/m4/nortos_cc32xx.a(posix_sleep.c.obj)
                              ./gpiointerrupt.o (usleep)
C:/ti/simplelink_cc32xx_sdk_7_10_00_13/kernel/nortos\lib/gcc/m4/nortos_cc32xx.a(SemaphoreP_nortos.c.obj)
                              C:/ti/simplelink_cc32xx_sdk_7_10_00_13/source\ti/drivers/lib/gcc/m4/drivers_cc32xx.a(I2CCC32XX.c.obj) (SemaphoreP_constructBinary)
C:/ti/simplelink_cc32xx_sdk_7_10_00_13/kernel/nortos\lib/gcc/m4/nortos_cc32xx.a(ClockPSysTick_nortos.c.obj)
                              C:/ti/simplelink_cc32xx_sdk_7_10_00_13/kernel/nortos\lib/gcc/m4/nortos_cc32xx.a(SemaphoreP_nortos.c.obj) (ClockP_add)
C:/ti/simplelink_cc32xx_sdk_7_10_00_13/kernel/nortos\lib/gcc/m4/nortos_cc32xx.a(HwiPCC32XX_nortos.c.obj)
                              C:/ti/simplelink_cc32xx_sdk_7_10_00_13/kernel/nortos\lib/gcc/m4/nortos_cc32xx.a(NoRTOS.c.obj) (HwiP_enable)
C:/ti/simplelink_cc32xx_sdk_7_10_00_13/kernel/nortos\lib/gcc/m4/nortos_cc32xx.a(PowerCC32XX_nortos.c.obj)
                              ./syscfg/ti_drivers_config.o (PowerCC32XX_initPolicy)
C:/ti/simplelink_cc32xx_sdk_7_10_00_13/kernel/nortos\lib/gcc/m4/nortos_cc32xx.a(startup_cc32xx_gcc.c.obj)
                              (resetISR)
C:/ti/simplelink_cc32xx_sdk_7_10_00_13/kernel/nortos\lib/gcc/m4/nortos_cc32xx.a(SwiP_nortos.c.obj)
                              C:/ti/simplelink_cc32xx_sdk_7_10_00_13/kernel/nortos\lib/gcc/m4/nortos_cc32xx.a(PowerCC32XX_nortos.c.obj) (SwiP_disable)
C:/ti/simplelink_cc32xx_sdk_7_10_00_13/source\ti/devices/cc32xx/driverlib/gcc/Release/driverlib.a(cpu.obj)
                              C:/ti/simplelink_cc32xx_sdk_7_10_00_13/kernel/nortos\lib/gcc/m4/nortos_cc32xx.a(HwiPCC32XX_nortos.c.obj) (CPUprimask)
C:/ti/simplelink_cc32xx_sdk_7_10_00_13/source\ti/devices/cc32xx/driverlib/gcc/Release/driverlib.a(gpio.obj)
                              C:/ti/simplelink_cc32xx_sdk_7_10_00_13/source\ti/drivers/lib/gcc/m4/drivers_cc32xx.a(GPIOCC32XX.c.obj) (GPIODirModeSet)
C:/ti/simplelink_cc32xx_sdk_7_10_00_13/source\ti/devices/cc32xx/driverlib/gcc/Release/driverlib.a(hwspinlock.obj)
                              C:/ti/simplelink_cc32xx_sdk_7_10_00_13/source\ti/drivers/lib/gcc/m4/drivers_cc32xx.a(PowerCC32XX.c.obj) (HwSpinLockTryAcquire)
[...]
Memory Configuration

Name             Origin             Length             Attributes
SRAM             0x20004000         0x0003c000         xrw
LOG_DATA         0x90000000         0x00040000         r
LOG_PTR          0x94000008         0x00040000         r
*default*        0x00000000         0xffffffff

Linker script and memory map

LOAD ./gpiointerrupt.o
LOAD ./syscfg/ti_drivers_config.o
LOAD ./main_nortos.o
                0x00001000                STACKSIZE = 0x1000
                0x00008000                HEAP_SIZE = 0x8000
                0x20004000                PROVIDE (_resetVecs_base_address = DEFINED (_resetVecs_base_address)?_resetVecs_base_address:0x20004000)

.resetVecs      0x20004000       0x40
 *(.resetVecs)
 .resetVecs     0x20004000       0x40 C:/ti/simplelink_cc32xx_sdk_7_10_00_13/kernel/nortos\lib/gcc/m4/nortos_cc32xx.a(startup_cc32xx_gcc.c.obj)

.ramVecs        0x20004400      0x30c
 *(.ramVecs)
 .ramVecs       0x20004400      0x30c C:/ti/simplelink_cc32xx_sdk_7_10_00_13/kernel/nortos\lib/gcc/m4/nortos_cc32xx.a(startup_cc32xx_gcc.c.obj)

.text           0x20004710     0x69e4
 CREATE_OBJECT_SYMBOLS
 *(.text)
 .text          0x20004710       0x98 C:/ti/simplelink_cc32xx_sdk_7_10_00_13/source\ti/drivers/lib/gcc/m4/drivers_cc32xx.a(PowerCC32XX_gcc.asm.obj)
                0x20004710                PowerCC32XX_enterLPDS
                0x20004754                PowerCC32XX_resumeLPDS
 .text          0x200047a8      0x254 c:/ti/ccs1240/ccs/tools/compiler/gcc-arm-none-eabi-9-2019-q4-major/bin/../lib/gcc/arm-none-eabi/9.2.1/thumb/v7e-m/nofp\libgcc.a(_arm_muldf3.o)
                0x200047a8                __muldf3
                0x200047a8                __aeabi_dmul
 .text          0x200049fc      0x378 c:/ti/ccs1240/ccs/tools/compiler/gcc-arm-none-eabi-9-2019-q4-major/bin/../lib/gcc/arm-none-eabi/9.2.1/thumb/v7e-m/nofp\libgcc.a(_arm_addsubdf3.o)
                0x200049fc                __aeabi_drsub
                0x20004a04                __aeabi_dsub
                0x20004a04                __subdf3
                0x20004a08                __aeabi_dadd
                0x20004a08                __adddf3
                0x20004c80                __floatunsidf
                0x20004c80                __aeabi_ui2d
                0x20004ca0                __floatsidf
                0x20004ca0                __aeabi_i2d
                0x20004cc4                __aeabi_f2d
                0x20004cc4                __extendsfdf2
                0x20004d08                __floatundidf
                0x20004d08                __aeabi_ul2d
                0x20004d18                __floatdidf
                0x20004d18                __aeabi_l2d
 .text          0x20004d74       0x50 c:/ti/ccs1240/ccs/tools/compiler/gcc-arm-none-eabi-9-2019-q4-major/bin/../lib/gcc/arm-none-eabi/9.2.1/thumb/v7e-m/nofp\libgcc.a(_arm_fixdfsi.o)
                0x20004d74                __aeabi_d2iz
                0x20004d74                __fixdfsi
 .text          0x20004dc4       0x30 c:/ti/ccs1240/ccs/tools/compiler/gcc-arm-none-eabi-9-2019-q4-major/bin/../lib/gcc/arm-none-eabi/9.2.1/thumb/v7e-m/nofp\libgcc.a(_aeabi_uldivmod.o)
                0x20004dc4                __aeabi_uldivmod
 .text          0x20004df4      0x2c0 c:/ti/ccs1240/ccs/tools/compiler/gcc-arm-none-eabi-9-2019-q4-major/bin/../lib/gcc/arm-none-eabi/9.2.1/thumb/v7e-m/nofp\libgcc.a(_udivmoddi4.o)
                0x20004df4                __udivmoddi4
 .text          0x200050b4        0x4 c:/ti/ccs1240/ccs/tools/compiler/gcc-arm-none-eabi-9-2019-q4-major/bin/../lib/gcc/arm-none-eabi/9.2.1/thumb/v7e-m/nofp\libgcc.a(_dvmd_tls.o)
                0x200050b4                __aeabi_idiv0
                0x200050b4                __aeabi_ldiv0
 .text          0x200050b8       0x10 C:/ti/ccs1240/ccs/tools/compiler/gcc-arm-none-eabi-9-2019-q4-major/arm-none-eabi/lib/thumb/v7e-m/nofp\libc_nano.a(lib_a-strlen.o)
                0x200050b8                strlen
 *fill*         0x200050c8        0x8 
 .text          0x200050d0       0xa0 C:/ti/ccs1240/ccs/tools/compiler/gcc-arm-none-eabi-9-2019-q4-major/arm-none-eabi/lib/thumb/v7e-m/nofp\libc_nano.a(lib_a-memchr.o)
                0x200050d0                memchr
 *(.text.*)
 .text.initUART
                0x20005170       0x30 ./gpiointerrupt.o
                0x20005170                initUART
 .text.initI2C  0x200051a0      0x1a8 ./gpiointerrupt.o
                0x200051a0                initI2C
 .text.initTimers
                0x20005348       0x34 ./gpiointerrupt.o
                0x20005348                initTimers
 .text.mainThread
                0x2000537c      0x128 ./gpiointerrupt.o
                0x2000537c                mainThread
 .text.dmaErrorFxn
                0x200054a4        0xc ./syscfg/ti_drivers_config.o
 .text.Board_initHook
                0x200054b0        0x4 ./syscfg/ti_drivers_config.o
                0x200054b0                Board_initHook
 .text.Board_init
                0x200054b4       0x14 ./syscfg/ti_drivers_config.o
                0x200054b4                Board_init
 .text.startup.main
                0x200054c8       0x14 ./main_nortos.o
                0x200054c8                main
 .text.GPIO_hwiIntFxn
                0x200054dc       0x54 C:/ti/simplelink_cc32xx_sdk_7_10_00_13/source\ti/drivers/lib/gcc/m4/drivers_cc32xx.a(GPIOCC32XX.c.obj)
                0x200054dc                GPIO_hwiIntFxn
 .text.GPIO_setInterruptConfig
                0x20005530       0x9c C:/ti/simplelink_cc32xx_sdk_7_10_00_13/source\ti/drivers/lib/gcc/m4/drivers_cc32xx.a(GPIOCC32XX.c.obj)
                0x20005530                GPIO_setInterruptConfig
 .text.GPIO_setConfig
                0x200055cc      0x160 C:/ti/simplelink_cc32xx_sdk_7_10_00_13/source\ti/drivers/lib/gcc/m4/drivers_cc32xx.a(GPIOCC32XX.c.obj)
                0x200055cc                GPIO_setConfig
 .text.GPIO_init
                0x2000572c       0xa0 C:/ti/simplelink_cc32xx_sdk_7_10_00_13/source\ti/drivers/lib/gcc/m4/drivers_cc32xx.a(GPIOCC32XX.c.obj)
                0x2000572c                GPIO_init
 .text.powerNotifyFxn
                0x200057cc       0x84 C:/ti/simplelink_cc32xx_sdk_7_10_00_13/source\ti/drivers/lib/gcc/m4/drivers_cc32xx.a(GPIOCC32XX.c.obj)
 .text.GPIO_write
                0x20005850       0x8c C:/ti/simplelink_cc32xx_sdk_7_10_00_13/source\ti/drivers/lib/gcc/m4/drivers_cc32xx.a(GPIOCC32XX.c.obj)
                0x20005850                GPIO_write
 .text.I2C_init
                0x200058dc        0x4 C:/ti/simplelink_cc32xx_sdk_7_10_00_13/source\ti/drivers/lib/gcc/m4/drivers_cc32xx.a(I2C.c.obj)
                0x200058dc                I2C_init
 .text.I2C_Params_init
                0x200058e0        0xc C:/ti/simplelink_cc32xx_sdk_7_10_00_13/source\ti/drivers/lib/gcc/m4/drivers_cc32xx.a(I2C.c.obj)
                0x200058e0                I2C_Params_init
 .text.I2C_transferTimeout
                0x200058ec      0x150 C:/ti/simplelink_cc32xx_sdk_7_10_00_13/source\ti/drivers/lib/gcc/m4/drivers_cc32xx.a(I2C.c.obj)
                0x200058ec                I2C_transferTimeout
 .text.I2C_transfer
                0x20005a3c       0x14 C:/ti/simplelink_cc32xx_sdk_7_10_00_13/source\ti/drivers/lib/gcc/m4/drivers_cc32xx.a(I2C.c.obj)
                0x20005a3c                I2C_transfer
 .text.I2CCC32XX_blockingCallback
                0x20005a50        0x8 C:/ti/simplelink_cc32xx_sdk_7_10_00_13/source\ti/drivers/lib/gcc/m4/drivers_cc32xx.a(I2CCC32XX.c.obj)
 .text.I2CCC32XX_primeReadBurst.isra.0
                0x20005a58       0x74 C:/ti/simplelink_cc32xx_sdk_7_10_00_13/source\ti/drivers/lib/gcc/m4/drivers_cc32xx.a(I2CCC32XX.c.obj)
 .text.I2CCC32XX_initHw.isra.0
                0x20005acc       0x70 C:/ti/simplelink_cc32xx_sdk_7_10_00_13/source\ti/drivers/lib/gcc/m4/drivers_cc32xx.a(I2CCC32XX.c.obj)
 .text.I2CCC32XX_postNotify
                0x20005b3c       0x10 C:/ti/simplelink_cc32xx_sdk_7_10_00_13/source\ti/drivers/lib/gcc/m4/drivers_cc32xx.a(I2CCC32XX.c.obj)
 .text.I2CCC32XX_primeWriteBurst
                0x20005b4c       0xac C:/ti/simplelink_cc32xx_sdk_7_10_00_13/source\ti/drivers/lib/gcc/m4/drivers_cc32xx.a(I2CCC32XX.c.obj)
 .text.I2CCC32XX_completeTransfer
                0x20005bf8      0x108 C:/ti/simplelink_cc32xx_sdk_7_10_00_13/source\ti/drivers/lib/gcc/m4/drivers_cc32xx.a(I2CCC32XX.c.obj)
 .text.I2CCC32XX_hwiFxn
                0x20005d00      0x1a8 C:/ti/simplelink_cc32xx_sdk_7_10_00_13/source\ti/drivers/lib/gcc/m4/drivers_cc32xx.a(I2CCC32XX.c.obj)
 .text.I2CSupport_primeTransfer
                0x20005ea8       0x70 C:/ti/simplelink_cc32xx_sdk_7_10_00_13/source\ti/drivers/lib/gcc/m4/drivers_cc32xx.a(I2CCC32XX.c.obj)
                0x20005ea8                I2CSupport_primeTransfer
 .text.I2CSupport_controllerFinish
                0x20005f18        0x8 C:/ti/simplelink_cc32xx_sdk_7_10_00_13/source\ti/drivers/lib/gcc/m4/drivers_cc32xx.a(I2CCC32XX.c.obj)
                0x20005f18                I2CSupport_controllerFinish
 .text.I2CSupport_powerRelConstraint
                0x20005f20        0x8 C:/ti/simplelink_cc32xx_sdk_7_10_00_13/source\ti/drivers/lib/gcc/m4/drivers_cc32xx.a(I2CCC32XX.c.obj)
                0x20005f20                I2CSupport_powerRelConstraint
 .text.I2CSupport_powerSetConstraint
                0x20005f28        0x8 C:/ti/simplelink_cc32xx_sdk_7_10_00_13/source\ti/drivers/lib/gcc/m4/drivers_cc32xx.a(I2CCC32XX.c.obj)
                0x20005f28                I2CSupport_powerSetConstraint
 .text.I2C_open
                0x20005f30      0x10c C:/ti/simplelink_cc32xx_sdk_7_10_00_13/source\ti/drivers/lib/gcc/m4/drivers_cc32xx.a(I2CCC32XX.c.obj)
                0x20005f30                I2C_open
 .text.Power_disablePolicy
                0x2000603c       0x14 C:/ti/simplelink_cc32xx_sdk_7_10_00_13/source\ti/drivers/lib/gcc/m4/drivers_cc32xx.a(PowerCC32XX.c.obj)
                0x2000603c                Power_disablePolicy
 .text.Power_enablePolicy
                0x20006050       0x10 C:/ti/simplelink_cc32xx_sdk_7_10_00_13/source\ti/drivers/lib/gcc/m4/drivers_cc32xx.a(PowerCC32XX.c.obj)
                0x20006050                Power_enablePolicy
 .text.Power_getConstraintMask
                0x20006060        0xc C:/ti/simplelink_cc32xx_sdk_7_10_00_13/source\ti/drivers/lib/gcc/m4/drivers_cc32xx.a(PowerCC32XX.c.obj)
                0x20006060                Power_getConstraintMask
 .text.Power_getTransitionLatency
                0x2000606c       0x14 C:/ti/simplelink_cc32xx_sdk_7_10_00_13/source\ti/drivers/lib/gcc/m4/drivers_cc32xx.a(PowerCC32XX.c.obj)
                0x2000606c                Power_getTransitionLatency
 .text.Power_idleFunc
                0x20006080       0x14 C:/ti/simplelink_cc32xx_sdk_7_10_00_13/source\ti/drivers/lib/gcc/m4/drivers_cc32xx.a(PowerCC32XX.c.obj)
                0x20006080                Power_idleFunc
 .text.Power_init
                0x20006094       0xd8 C:/ti/simplelink_cc32xx_sdk_7_10_00_13/source\ti/drivers/lib/gcc/m4/drivers_cc32xx.a(PowerCC32XX.c.obj)
                0x20006094                Power_init
 .text.Power_registerNotify
                0x2000616c       0x24 C:/ti/simplelink_cc32xx_sdk_7_10_00_13/source\ti/drivers/lib/gcc/m4/drivers_cc32xx.a(PowerCC32XX.c.obj)
                0x2000616c                Power_registerNotify
 .text.Power_releaseConstraint
                0x20006190       0x4c C:/ti/simplelink_cc32xx_sdk_7_10_00_13/source\ti/drivers/lib/gcc/m4/drivers_cc32xx.a(PowerCC32XX.c.obj)
                0x20006190                Power_releaseConstraint
 .text.Power_releaseDependency
                0x200061dc       0x54 C:/ti/simplelink_cc32xx_sdk_7_10_00_13/source\ti/drivers/lib/gcc/m4/drivers_cc32xx.a(PowerCC32XX.c.obj)
                0x200061dc                Power_releaseDependency
 .text.Power_setConstraint
                0x20006230       0x38 C:/ti/simplelink_cc32xx_sdk_7_10_00_13/source\ti/drivers/lib/gcc/m4/drivers_cc32xx.a(PowerCC32XX.c.obj)
                0x20006230                Power_setConstraint
 .text.Power_setDependency
                0x20006268       0x78 C:/ti/simplelink_cc32xx_sdk_7_10_00_13/source\ti/drivers/lib/gcc/m4/drivers_cc32xx.a(PowerCC32XX.c.obj)
                0x20006268                Power_setDependency
 .text.Power_sleep
                0x200062e0      0x554 C:/ti/simplelink_cc32xx_sdk_7_10_00_13/source\ti/drivers/lib/gcc/m4/drivers_cc32xx.a(PowerCC32XX.c.obj)
                0x200062e0                Power_sleep
 .text.Power_unregisterNotify
                0x20006834       0x20 C:/ti/simplelink_cc32xx_sdk_7_10_00_13/source\ti/drivers/lib/gcc/m4/drivers_cc32xx.a(PowerCC32XX.c.obj)
                0x20006834                Power_unregisterNotify
 .text.PowerCC32XX_getParkState
                0x20006854       0x38 C:/ti/simplelink_cc32xx_sdk_7_10_00_13/source\ti/drivers/lib/gcc/m4/drivers_cc32xx.a(PowerCC32XX.c.obj)
                0x20006854                PowerCC32XX_getParkState
 .text.PowerCC32XX_restoreParkState
                0x2000688c       0x30 C:/ti/simplelink_cc32xx_sdk_7_10_00_13/source\ti/drivers/lib/gcc/m4/drivers_cc32xx.a(PowerCC32XX.c.obj)
                0x2000688c                PowerCC32XX_restoreParkState
 .text.PowerCC32XX_setParkState
                0x200068bc       0x64 C:/ti/simplelink_cc32xx_sdk_7_10_00_13/source\ti/drivers/lib/gcc/m4/drivers_cc32xx.a(PowerCC32XX.c.obj)
                0x200068bc                PowerCC32XX_setParkState
 .text.PowerCC32XX_reset
                0x20006920       0x20 C:/ti/simplelink_cc32xx_sdk_7_10_00_13/source\ti/drivers/lib/gcc/m4/drivers_cc32xx.a(PowerCC32XX.c.obj)
                0x20006920                PowerCC32XX_reset
 .text.Timer_init
                0x20006940        0x4 C:/ti/simplelink_cc32xx_sdk_7_10_00_13/source\ti/drivers/lib/gcc/m4/drivers_cc32xx.a(Timer.c.obj)
                0x20006940                Timer_init
 .text.Timer_Params_init
                0x20006944       0x10 C:/ti/simplelink_cc32xx_sdk_7_10_00_13/source\ti/drivers/lib/gcc/m4/drivers_cc32xx.a(Timer.c.obj)
                0x20006944                Timer_Params_init
 .text.Timer_start
                0x20006954       0x48 C:/ti/simplelink_cc32xx_sdk_7_10_00_13/source\ti/drivers/lib/gcc/m4/drivers_cc32xx.a(Timer.c.obj)
                0x20006954                Timer_start
 .text.Timer_stop
                0x2000699c       0x44 C:/ti/simplelink_cc32xx_sdk_7_10_00_13/source\ti/drivers/lib/gcc/m4/drivers_cc32xx.a(Timer.c.obj)
                0x2000699c                Timer_stop
 .text.TimerCC32XX_hwiIntFunction
                0x200069e0       0x38 C:/ti/simplelink_cc32xx_sdk_7_10_00_13/source\ti/drivers/lib/gcc/m4/drivers_cc32xx.a(TimerCC32XX.c.obj)
 .text.postNotifyFxn
                0x20006a18       0x58 C:/ti/simplelink_cc32xx_sdk_7_10_00_13/source\ti/drivers/lib/gcc/m4/drivers_cc32xx.a(TimerCC32XX.c.obj)
 .text.Timer_close
                0x20006a70       0xb4 C:/ti/simplelink_cc32xx_sdk_7_10_00_13/source\ti/drivers/lib/gcc/m4/drivers_cc32xx.a(TimerCC32XX.c.obj)
                0x20006a70                Timer_close
 .text.Timer_open
                0x20006b24      0x284 C:/ti/simplelink_cc32xx_sdk_7_10_00_13/source\ti/drivers/lib/gcc/m4/drivers_cc32xx.a(TimerCC32XX.c.obj)
                0x20006b24                Timer_open
 .text.TimerSupport_timerDisable
                0x20006da8       0x28 C:/ti/simplelink_cc32xx_sdk_7_10_00_13/source\ti/drivers/lib/gcc/m4/drivers_cc32xx.a(TimerCC32XX.c.obj)
                0x20006da8                TimerSupport_timerDisable
 .text.TimerSupport_timerEnable
                0x20006dd0       0x50 C:/ti/simplelink_cc32xx_sdk_7_10_00_13/source\ti/drivers/lib/gcc/m4/drivers_cc32xx.a(TimerCC32XX.c.obj)
                0x20006dd0                TimerSupport_timerEnable
 .text.UART2_Params_init
                0x20006e20       0x1c C:/ti/simplelink_cc32xx_sdk_7_10_00_13/source\ti/drivers/lib/gcc/m4/drivers_cc32xx.a(UART2.c.obj)
                0x20006e20                UART2_Params_init
 .text.UART2_rxDisable
                0x20006e3c       0x40 C:/ti/simplelink_cc32xx_sdk_7_10_00_13/source\ti/drivers/lib/gcc/m4/drivers_cc32xx.a(UART2.c.obj)
                0x20006e3c                UART2_rxDisable
 .text.UART2_writeTimeoutBlocking
                0x20006e7c      0x174 C:/ti/simplelink_cc32xx_sdk_7_10_00_13/source\ti/drivers/lib/gcc/m4/drivers_cc32xx.a(UART2.c.obj)
                0x20006e7c                UART2_writeTimeoutBlocking
 .text.UART2_writeTimeoutNonblocking
                0x20006ff0      0x124 C:/ti/simplelink_cc32xx_sdk_7_10_00_13/source\ti/drivers/lib/gcc/m4/drivers_cc32xx.a(UART2.c.obj)
                0x20006ff0                UART2_writeTimeoutNonblocking
 .text.UART2_writeTimeout
                0x20007114       0x18 C:/ti/simplelink_cc32xx_sdk_7_10_00_13/source\ti/drivers/lib/gcc/m4/drivers_cc32xx.a(UART2.c.obj)
                0x20007114                UART2_writeTimeout
 .text.UART2_write
                0x2000712c       0x14 C:/ti/simplelink_cc32xx_sdk_7_10_00_13/source\ti/drivers/lib/gcc/m4/drivers_cc32xx.a(UART2.c.obj)
                0x2000712c                UART2_write
 .text.UART2CC32XX_eventCallback
                0x20007140        0x4 C:/ti/simplelink_cc32xx_sdk_7_10_00_13/source\ti/drivers/lib/gcc/m4/drivers_cc32xx.a(UART2CC32XX.c.obj)
 .text.UART2CC32XX_initHw.isra.0
                0x20007144       0xd4 C:/ti/simplelink_cc32xx_sdk_7_10_00_13/source\ti/drivers/lib/gcc/m4/drivers_cc32xx.a(UART2CC32XX.c.obj)
 .text.UART2CC32XX_postNotifyFxn
                0x20007218       0x10 C:/ti/simplelink_cc32xx_sdk_7_10_00_13/source\ti/drivers/lib/gcc/m4/drivers_cc32xx.a(UART2CC32XX.c.obj)
 .text.UART2_close
                0x20007228      0x100 C:/ti/simplelink_cc32xx_sdk_7_10_00_13/source\ti/drivers/lib/gcc/m4/drivers_cc32xx.a(UART2CC32XX.c.obj)
                0x20007228                UART2_close
 .text.UART2_open
                0x20007328      0x250 C:/ti/simplelink_cc32xx_sdk_7_10_00_13/source\ti/drivers/lib/gcc/m4/drivers_cc32xx.a(UART2CC32XX.c.obj)
                0x20007328                UART2_open
 .text.UART2Support_disableRx
                0x20007578       0x24 C:/ti/simplelink_cc32xx_sdk_7_10_00_13/source\ti/drivers/lib/gcc/m4/drivers_cc32xx.a(UART2CC32XX.c.obj)
                0x20007578                UART2Support_disableRx
 .text.UART2Support_disableTx
                0x2000759c        0xc C:/ti/simplelink_cc32xx_sdk_7_10_00_13/source\ti/drivers/lib/gcc/m4/drivers_cc32xx.a(UART2CC32XX.c.obj)
                0x2000759c                UART2Support_disableTx
 .text.UART2Support_dmaStartTx
                0x200075a8       0xbc C:/ti/simplelink_cc32xx_sdk_7_10_00_13/source\ti/drivers/lib/gcc/m4/drivers_cc32xx.a(UART2CC32XX.c.obj)
                0x200075a8                UART2Support_dmaStartTx
 .text.UART2Support_dmaStopRx
                0x20007664       0x50 C:/ti/simplelink_cc32xx_sdk_7_10_00_13/source\ti/drivers/lib/gcc/m4/drivers_cc32xx.a(UART2CC32XX.c.obj)
                0x20007664                UART2Support_dmaStopRx
 .text.UART2Support_dmaStartRx
                0x200076b4       0xd4 C:/ti/simplelink_cc32xx_sdk_7_10_00_13/source\ti/drivers/lib/gcc/m4/drivers_cc32xx.a(UART2CC32XX.c.obj)
                0x200076b4                UART2Support_dmaStartRx
 .text.UART2Support_dmaStopTx
                0x20007788       0x64 C:/ti/simplelink_cc32xx_sdk_7_10_00_13/source\ti/drivers/lib/gcc/m4/drivers_cc32xx.a(UART2CC32XX.c.obj)
                0x20007788                UART2Support_dmaStopTx
 .text.UART2CC32XX_hwiIntFxn
                0x200077ec      0x2d0 C:/ti/simplelink_cc32xx_sdk_7_10_00_13/source\ti/drivers/lib/gcc/m4/drivers_cc32xx.a(UART2CC32XX.c.obj)
 .text.UART2Support_enableTx
                0x20007abc        0xc C:/ti/simplelink_cc32xx_sdk_7_10_00_13/source\ti/drivers/lib/gcc/m4/drivers_cc32xx.a(UART2CC32XX.c.obj)
                0x20007abc                UART2Support_enableTx
 .text.UART2Support_powerRelConstraint
                0x20007ac8        0x8 C:/ti/simplelink_cc32xx_sdk_7_10_00_13/source\ti/drivers/lib/gcc/m4/drivers_cc32xx.a(UART2CC32XX.c.obj)
                0x20007ac8                UART2Support_powerRelConstraint
 .text.UART2Support_sendData
                0x20007ad0       0x2c C:/ti/simplelink_cc32xx_sdk_7_10_00_13/source\ti/drivers/lib/gcc/m4/drivers_cc32xx.a(UART2CC32XX.c.obj)
                0x20007ad0                UART2Support_sendData
 .text.UART2Support_txDone
                0x20007afc       0x10 C:/ti/simplelink_cc32xx_sdk_7_10_00_13/source\ti/drivers/lib/gcc/m4/drivers_cc32xx.a(UART2CC32XX.c.obj)
                0x20007afc                UART2Support_txDone
 .text.List_put
                0x20007b0c       0x2c C:/ti/simplelink_cc32xx_sdk_7_10_00_13/source\ti/drivers/lib/gcc/m4/drivers_cc32xx.a(List.c.obj)
                0x20007b0c                List_put
 .text.List_remove
                0x20007b38       0x30 C:/ti/simplelink_cc32xx_sdk_7_10_00_13/source\ti/drivers/lib/gcc/m4/drivers_cc32xx.a(List.c.obj)
                0x20007b38                List_remove
 .text.RingBuf_construct
                0x20007b68       0x14 C:/ti/simplelink_cc32xx_sdk_7_10_00_13/source\ti/drivers/lib/gcc/m4/drivers_cc32xx.a(RingBuf.c.obj)
                0x20007b68                RingBuf_construct
 .text.RingBuf_getConsume
                0x20007b7c       0x30 C:/ti/simplelink_cc32xx_sdk_7_10_00_13/source\ti/drivers/lib/gcc/m4/drivers_cc32xx.a(RingBuf.c.obj)
                0x20007b7c                RingBuf_getConsume
 .text.RingBuf_getCount
                0x20007bac        0x4 C:/ti/simplelink_cc32xx_sdk_7_10_00_13/source\ti/drivers/lib/gcc/m4/drivers_cc32xx.a(RingBuf.c.obj)
                0x20007bac                RingBuf_getCount
 .text.RingBuf_getPointer
                0x20007bb0       0x28 C:/ti/simplelink_cc32xx_sdk_7_10_00_13/source\ti/drivers/lib/gcc/m4/drivers_cc32xx.a(RingBuf.c.obj)
                0x20007bb0                RingBuf_getPointer
 .text.RingBuf_put
                0x20007bd8       0x48 C:/ti/simplelink_cc32xx_sdk_7_10_00_13/source\ti/drivers/lib/gcc/m4/drivers_cc32xx.a(RingBuf.c.obj)
                0x20007bd8                RingBuf_put
 .text.RingBuf_putAdvance
                0x20007c20       0x3c C:/ti/simplelink_cc32xx_sdk_7_10_00_13/source\ti/drivers/lib/gcc/m4/drivers_cc32xx.a(RingBuf.c.obj)
                0x20007c20                RingBuf_putAdvance
 .text.RingBuf_putPointer
                0x20007c5c       0x34 C:/ti/simplelink_cc32xx_sdk_7_10_00_13/source\ti/drivers/lib/gcc/m4/drivers_cc32xx.a(RingBuf.c.obj)
                0x20007c5c                RingBuf_putPointer
 .text.postNotifyFxn
                0x20007c90       0x14 C:/ti/simplelink_cc32xx_sdk_7_10_00_13/source\ti/drivers/lib/gcc/m4/drivers_cc32xx.a(UDMACC32XX.c.obj)
 .text.UDMACC32XX_close
                0x20007ca4       0x40 C:/ti/simplelink_cc32xx_sdk_7_10_00_13/source\ti/drivers/lib/gcc/m4/drivers_cc32xx.a(UDMACC32XX.c.obj)
                0x20007ca4                UDMACC32XX_close
 .text.UDMACC32XX_init
                0x20007ce4       0x40 C:/ti/simplelink_cc32xx_sdk_7_10_00_13/source\ti/drivers/lib/gcc/m4/drivers_cc32xx.a(UDMACC32XX.c.obj)
                0x20007ce4                UDMACC32XX_init
 .text.UDMACC32XX_open
                0x20007d24       0x70 C:/ti/simplelink_cc32xx_sdk_7_10_00_13/source\ti/drivers/lib/gcc/m4/drivers_cc32xx.a(UDMACC32XX.c.obj)
                0x20007d24                UDMACC32XX_open
 .text.NoRTOS_start
                0x20007d94        0x4 C:/ti/simplelink_cc32xx_sdk_7_10_00_13/kernel/nortos\lib/gcc/m4/nortos_cc32xx.a(NoRTOS.c.obj)
                0x20007d94                NoRTOS_start
 .text.usleep   0x20007d98        0x4 C:/ti/simplelink_cc32xx_sdk_7_10_00_13/kernel/nortos\lib/gcc/m4/nortos_cc32xx.a(posix_sleep.c.obj)
                0x20007d98                usleep
 .text.clkFxn   0x20007d9c        0x4 C:/ti/simplelink_cc32xx_sdk_7_10_00_13/kernel/nortos\lib/gcc/m4/nortos_cc32xx.a(SemaphoreP_nortos.c.obj)
                0x20007d9c                clkFxn
 .text.SemaphoreP_construct
                0x20007da0       0x60 C:/ti/simplelink_cc32xx_sdk_7_10_00_13/kernel/nortos\lib/gcc/m4/nortos_cc32xx.a(SemaphoreP_nortos.c.obj)
                0x20007da0                SemaphoreP_construct
 .text.SemaphoreP_constructBinary
                0x20007e00       0x3c C:/ti/simplelink_cc32xx_sdk_7_10_00_13/kernel/nortos\lib/gcc/m4/nortos_cc32xx.a(SemaphoreP_nortos.c.obj)
                0x20007e00                SemaphoreP_constructBinary
 .text.SemaphoreP_createBinary
                0x20007e3c       0x40 C:/ti/simplelink_cc32xx_sdk_7_10_00_13/kernel/nortos\lib/gcc/m4/nortos_cc32xx.a(SemaphoreP_nortos.c.obj)
                0x20007e3c                SemaphoreP_createBinary
 .text.SemaphoreP_destruct
                0x20007e7c        0x4 C:/ti/simplelink_cc32xx_sdk_7_10_00_13/kernel/nortos\lib/gcc/m4/nortos_cc32xx.a(SemaphoreP_nortos.c.obj)
                0x20007e7c                SemaphoreP_destruct
 .text.SemaphoreP_delete
                0x20007e80        0x4 C:/ti/simplelink_cc32xx_sdk_7_10_00_13/kernel/nortos\lib/gcc/m4/nortos_cc32xx.a(SemaphoreP_nortos.c.obj)
                0x20007e80                SemaphoreP_delete
 .text.SemaphoreP_pend
                0x20007e84       0xfc C:/ti/simplelink_cc32xx_sdk_7_10_00_13/kernel/nortos\lib/gcc/m4/nortos_cc32xx.a(SemaphoreP_nortos.c.obj)
                0x20007e84                SemaphoreP_pend
 .text.SemaphoreP_post
                0x20007f80       0x44 C:/ti/simplelink_cc32xx_sdk_7_10_00_13/kernel/nortos\lib/gcc/m4/nortos_cc32xx.a(SemaphoreP_nortos.c.obj)
                0x20007f80                SemaphoreP_post
 .text.ClockP_sysTickHandler
                0x20007fc4       0x7c C:/ti/simplelink_cc32xx_sdk_7_10_00_13/kernel/nortos\lib/gcc/m4/nortos_cc32xx.a(ClockPSysTick_nortos.c.obj)
                0x20007fc4                ClockP_sysTickHandler
 .text.ClockP_add
                0x20008040       0x14 C:/ti/simplelink_cc32xx_sdk_7_10_00_13/kernel/nortos\lib/gcc/m4/nortos_cc32xx.a(ClockPSysTick_nortos.c.obj)
                0x20008040                ClockP_add
 .text.ClockP_destruct
                0x20008054       0x44 C:/ti/simplelink_cc32xx_sdk_7_10_00_13/kernel/nortos\lib/gcc/m4/nortos_cc32xx.a(ClockPSysTick_nortos.c.obj)
                0x20008054                ClockP_destruct
 .text.ClockP_doTick
                0x20008098        0x4 C:/ti/simplelink_cc32xx_sdk_7_10_00_13/kernel/nortos\lib/gcc/m4/nortos_cc32xx.a(ClockPSysTick_nortos.c.obj)
                0x20008098                ClockP_doTick
 .text.ClockP_getCpuFreq
                0x2000809c       0x10 C:/ti/simplelink_cc32xx_sdk_7_10_00_13/kernel/nortos\lib/gcc/m4/nortos_cc32xx.a(ClockPSysTick_nortos.c.obj)
                0x2000809c                ClockP_getCpuFreq
 .text.ClockP_getSystemTicks
                0x200080ac       0x70 C:/ti/simplelink_cc32xx_sdk_7_10_00_13/kernel/nortos\lib/gcc/m4/nortos_cc32xx.a(ClockPSysTick_nortos.c.obj)
                0x200080ac                ClockP_getSystemTicks
 .text.ClockP_getTicksUntilInterrupt
                0x2000811c       0x40 C:/ti/simplelink_cc32xx_sdk_7_10_00_13/kernel/nortos\lib/gcc/m4/nortos_cc32xx.a(ClockPSysTick_nortos.c.obj)
                0x2000811c                ClockP_getTicksUntilInterrupt
 .text.ClockP_isActive
                0x2000815c        0xc C:/ti/simplelink_cc32xx_sdk_7_10_00_13/kernel/nortos\lib/gcc/m4/nortos_cc32xx.a(ClockPSysTick_nortos.c.obj)
                0x2000815c                ClockP_isActive
 .text.ClockP_setTicks
                0x20008168       0x10 C:/ti/simplelink_cc32xx_sdk_7_10_00_13/kernel/nortos\lib/gcc/m4/nortos_cc32xx.a(ClockPSysTick_nortos.c.obj)
                0x20008168                ClockP_setTicks
 .text.ClockP_start
                0x20008178       0xa8 C:/ti/simplelink_cc32xx_sdk_7_10_00_13/kernel/nortos\lib/gcc/m4/nortos_cc32xx.a(ClockPSysTick_nortos.c.obj)
                0x20008178                ClockP_start
 .text.ClockP_startup
                0x20008220       0x68 C:/ti/simplelink_cc32xx_sdk_7_10_00_13/kernel/nortos\lib/gcc/m4/nortos_cc32xx.a(ClockPSysTick_nortos.c.obj)
                0x20008220                ClockP_startup
 .text.ClockP_usleep
                0x20008288      0x16c C:/ti/simplelink_cc32xx_sdk_7_10_00_13/kernel/nortos\lib/gcc/m4/nortos_cc32xx.a(ClockPSysTick_nortos.c.obj)
                0x20008288                ClockP_usleep
 .text.HwiP_dispatch
                0x200083f4       0x1c C:/ti/simplelink_cc32xx_sdk_7_10_00_13/kernel/nortos\lib/gcc/m4/nortos_cc32xx.a(HwiPCC32XX_nortos.c.obj)
                0x200083f4                HwiP_dispatch
 .text.HwiP_enable
                0x20008410        0x4 C:/ti/simplelink_cc32xx_sdk_7_10_00_13/kernel/nortos\lib/gcc/m4/nortos_cc32xx.a(HwiPCC32XX_nortos.c.obj)
                0x20008410                HwiP_enable
 .text.HwiP_disable
                0x20008414        0x8 C:/ti/simplelink_cc32xx_sdk_7_10_00_13/kernel/nortos\lib/gcc/m4/nortos_cc32xx.a(HwiPCC32XX_nortos.c.obj)
                0x20008414                HwiP_disable
 .text.HwiP_restore
                0x2000841c        0x8 C:/ti/simplelink_cc32xx_sdk_7_10_00_13/kernel/nortos\lib/gcc/m4/nortos_cc32xx.a(HwiPCC32XX_nortos.c.obj)
                0x2000841c                HwiP_restore
 .text.HwiP_clearInterrupt
                0x20008424        0x4 C:/ti/simplelink_cc32xx_sdk_7_10_00_13/kernel/nortos\lib/gcc/m4/nortos_cc32xx.a(HwiPCC32XX_nortos.c.obj)
                0x20008424                HwiP_clearInterrupt
 .text.HwiP_destruct
                0x20008428       0x14 C:/ti/simplelink_cc32xx_sdk_7_10_00_13/kernel/nortos\lib/gcc/m4/nortos_cc32xx.a(HwiPCC32XX_nortos.c.obj)
                0x20008428                HwiP_destruct
 .text.HwiP_delete
                0x2000843c       0x1c C:/ti/simplelink_cc32xx_sdk_7_10_00_13/kernel/nortos\lib/gcc/m4/nortos_cc32xx.a(HwiPCC32XX_nortos.c.obj)
                0x2000843c                HwiP_delete
 .text.HwiP_disableInterrupt
                0x20008458        0x4 C:/ti/simplelink_cc32xx_sdk_7_10_00_13/kernel/nortos\lib/gcc/m4/nortos_cc32xx.a(HwiPCC32XX_nortos.c.obj)
                0x20008458                HwiP_disableInterrupt
 .text.HwiP_enableInterrupt
                0x2000845c        0x4 C:/ti/simplelink_cc32xx_sdk_7_10_00_13/kernel/nortos\lib/gcc/m4/nortos_cc32xx.a(HwiPCC32XX_nortos.c.obj)
                0x2000845c                HwiP_enableInterrupt
 .text.HwiP_interruptsEnabled
                0x20008460       0x10 C:/ti/simplelink_cc32xx_sdk_7_10_00_13/kernel/nortos\lib/gcc/m4/nortos_cc32xx.a(HwiPCC32XX_nortos.c.obj)
                0x20008460                HwiP_interruptsEnabled
 .text.HwiP_construct
                0x20008470       0x8c C:/ti/simplelink_cc32xx_sdk_7_10_00_13/kernel/nortos\lib/gcc/m4/nortos_cc32xx.a(HwiPCC32XX_nortos.c.obj)
                0x20008470                HwiP_construct
 .text.HwiP_create
                0x200084fc       0x90 C:/ti/simplelink_cc32xx_sdk_7_10_00_13/kernel/nortos\lib/gcc/m4/nortos_cc32xx.a(HwiPCC32XX_nortos.c.obj)
                0x200084fc                HwiP_create
 .text.HwiP_Params_init
                0x2000858c       0x14 C:/ti/simplelink_cc32xx_sdk_7_10_00_13/kernel/nortos\lib/gcc/m4/nortos_cc32xx.a(HwiPCC32XX_nortos.c.obj)
                0x2000858c                HwiP_Params_init
 .text.HwiP_post
                0x200085a0        0x4 C:/ti/simplelink_cc32xx_sdk_7_10_00_13/kernel/nortos\lib/gcc/m4/nortos_cc32xx.a(HwiPCC32XX_nortos.c.obj)
                0x200085a0                HwiP_post
 .text.HwiP_inISR
                0x200085a4       0x10 C:/ti/simplelink_cc32xx_sdk_7_10_00_13/kernel/nortos\lib/gcc/m4/nortos_cc32xx.a(HwiPCC32XX_nortos.c.obj)
                0x200085a4                HwiP_inISR
 .text.PowerCC32XX_initPolicy
                0x200085b4        0x4 C:/ti/simplelink_cc32xx_sdk_7_10_00_13/kernel/nortos\lib/gcc/m4/nortos_cc32xx.a(PowerCC32XX_nortos.c.obj)
                0x200085b4                PowerCC32XX_initPolicy
 .text.PowerCC32XX_sleepPolicy
                0x200085b8      0x220 C:/ti/simplelink_cc32xx_sdk_7_10_00_13/kernel/nortos\lib/gcc/m4/nortos_cc32xx.a(PowerCC32XX_nortos.c.obj)
                0x200085b8                PowerCC32XX_sleepPolicy
 .text.nmiISR   0x200087d8        0x4 C:/ti/simplelink_cc32xx_sdk_7_10_00_13/kernel/nortos\lib/gcc/m4/nortos_cc32xx.a(startup_cc32xx_gcc.c.obj)
 .text.faultISR
                0x200087dc        0x4 C:/ti/simplelink_cc32xx_sdk_7_10_00_13/kernel/nortos\lib/gcc/m4/nortos_cc32xx.a(startup_cc32xx_gcc.c.obj)
 .text.busFaultHandler
                0x200087e0        0x4 C:/ti/simplelink_cc32xx_sdk_7_10_00_13/kernel/nortos\lib/gcc/m4/nortos_cc32xx.a(startup_cc32xx_gcc.c.obj)
 .text.defaultHandler
                0x200087e4        0x4 C:/ti/simplelink_cc32xx_sdk_7_10_00_13/kernel/nortos\lib/gcc/m4/nortos_cc32xx.a(startup_cc32xx_gcc.c.obj)
 .text.resetISR
                0x200087e8       0x14 C:/ti/simplelink_cc32xx_sdk_7_10_00_13/kernel/nortos\lib/gcc/m4/nortos_cc32xx.a(startup_cc32xx_gcc.c.obj)
                0x200087e8                resetISR
 .text.localProgramStart
                0x200087fc       0xc4 C:/ti/simplelink_cc32xx_sdk_7_10_00_13/kernel/nortos\lib/gcc/m4/nortos_cc32xx.a(startup_cc32xx_gcc.c.obj)
                0x200087fc                localProgramStart
 .text._fini    0x200088c0        0x4 C:/ti/simplelink_cc32xx_sdk_7_10_00_13/kernel/nortos\lib/gcc/m4/nortos_cc32xx.a(startup_cc32xx_gcc.c.obj)
                0x200088c0                _fini
 .text.SwiP_disable
                0x200088c4       0x1c C:/ti/simplelink_cc32xx_sdk_7_10_00_13/kernel/nortos\lib/gcc/m4/nortos_cc32xx.a(SwiP_nortos.c.obj)
                0x200088c4                SwiP_disable
 .text.SwiP_restore
                0x200088e0       0x48 C:/ti/simplelink_cc32xx_sdk_7_10_00_13/kernel/nortos\lib/gcc/m4/nortos_cc32xx.a(SwiP_nortos.c.obj)
                0x200088e0                SwiP_restore
 .text.CPUcpsid
                0x20008928       0x16 C:/ti/simplelink_cc32xx_sdk_7_10_00_13/source\ti/devices/cc32xx/driverlib/gcc/Release/driverlib.a(cpu.obj)
                0x20008928                CPUcpsid
 .text.CPUprimask
                0x2000893e        0xc C:/ti/simplelink_cc32xx_sdk_7_10_00_13/source\ti/devices/cc32xx/driverlib/gcc/Release/driverlib.a(cpu.obj)
                0x2000893e                CPUprimask
 .text.CPUcpsie
                0x2000894a       0x16 C:/ti/simplelink_cc32xx_sdk_7_10_00_13/source\ti/devices/cc32xx/driverlib/gcc/Release/driverlib.a(cpu.obj)
                0x2000894a                CPUcpsie
 .text.CPUwfi   0x20008960        0xe C:/ti/simplelink_cc32xx_sdk_7_10_00_13/source\ti/devices/cc32xx/driverlib/gcc/Release/driverlib.a(cpu.obj)
                0x20008960                CPUwfi
 .text.GPIODirModeSet
                0x2000896e       0x46 C:/ti/simplelink_cc32xx_sdk_7_10_00_13/source\ti/devices/cc32xx/driverlib/gcc/Release/driverlib.a(gpio.obj)
                0x2000896e                GPIODirModeSet
 .text.GPIOIntTypeSet
                0x200089b4       0xa2 C:/ti/simplelink_cc32xx_sdk_7_10_00_13/source\ti/devices/cc32xx/driverlib/gcc/Release/driverlib.a(gpio.obj)
                0x200089b4                GPIOIntTypeSet
 .text.GPIOIntEnable
                0x20008a56       0x2a C:/ti/simplelink_cc32xx_sdk_7_10_00_13/source\ti/devices/cc32xx/driverlib/gcc/Release/driverlib.a(gpio.obj)
                0x20008a56                GPIOIntEnable
 .text.GPIOIntDisable
                0x20008a80       0x2a C:/ti/simplelink_cc32xx_sdk_7_10_00_13/source\ti/devices/cc32xx/driverlib/gcc/Release/driverlib.a(gpio.obj)
                0x20008a80                GPIOIntDisable
 .text.GPIOIntStatus
                0x20008aaa       0x2e C:/ti/simplelink_cc32xx_sdk_7_10_00_13/source\ti/devices/cc32xx/driverlib/gcc/Release/driverlib.a(gpio.obj)
                0x20008aaa                GPIOIntStatus
 .text.GPIOIntClear
                0x20008ad8       0x20 C:/ti/simplelink_cc32xx_sdk_7_10_00_13/source\ti/devices/cc32xx/driverlib/gcc/Release/driverlib.a(gpio.obj)
                0x20008ad8                GPIOIntClear
 .text.GPIOPinWrite
                0x20008af8       0x2a C:/ti/simplelink_cc32xx_sdk_7_10_00_13/source\ti/devices/cc32xx/driverlib/gcc/Release/driverlib.a(gpio.obj)
                0x20008af8                GPIOPinWrite
 *fill*         0x20008b22        0x2 
 .text.I2CMasterInitExpClk
                0x20008b24       0x9c C:/ti/simplelink_cc32xx_sdk_7_10_00_13/source\ti/devices/cc32xx/driverlib/gcc/Release/driverlib.a(i2c.obj)
                0x20008b24                I2CMasterInitExpClk
 .text.I2CMasterEnable
                0x20008bc0       0x22 C:/ti/simplelink_cc32xx_sdk_7_10_00_13/source\ti/devices/cc32xx/driverlib/gcc/Release/driverlib.a(i2c.obj)
                0x20008bc0                I2CMasterEnable
 .text.I2CMasterDisable
                0x20008be2       0x22 C:/ti/simplelink_cc32xx_sdk_7_10_00_13/source\ti/devices/cc32xx/driverlib/gcc/Release/driverlib.a(i2c.obj)
                0x20008be2                I2CMasterDisable
 .text.I2CMasterIntEnableEx
                0x20008c04       0x26 C:/ti/simplelink_cc32xx_sdk_7_10_00_13/source\ti/devices/cc32xx/driverlib/gcc/Release/driverlib.a(i2c.obj)
                0x20008c04                I2CMasterIntEnableEx
 .text.I2CMasterIntDisableEx
                0x20008c2a       0x26 C:/ti/simplelink_cc32xx_sdk_7_10_00_13/source\ti/devices/cc32xx/driverlib/gcc/Release/driverlib.a(i2c.obj)
                0x20008c2a                I2CMasterIntDisableEx
 .text.I2CMasterIntStatusEx
                0x20008c50       0x2a C:/ti/simplelink_cc32xx_sdk_7_10_00_13/source\ti/devices/cc32xx/driverlib/gcc/Release/driverlib.a(i2c.obj)
                0x20008c50                I2CMasterIntStatusEx
 .text.I2CMasterIntClearEx
                0x20008c7a       0x1e C:/ti/simplelink_cc32xx_sdk_7_10_00_13/source\ti/devices/cc32xx/driverlib/gcc/Release/driverlib.a(i2c.obj)
                0x20008c7a                I2CMasterIntClearEx
 .text.I2CMasterSlaveAddrSet
                0x20008c98       0x26 C:/ti/simplelink_cc32xx_sdk_7_10_00_13/source\ti/devices/cc32xx/driverlib/gcc/Release/driverlib.a(i2c.obj)
                0x20008c98                I2CMasterSlaveAddrSet
 .text.I2CMasterBusBusy
                0x20008cbe       0x26 C:/ti/simplelink_cc32xx_sdk_7_10_00_13/source\ti/devices/cc32xx/driverlib/gcc/Release/driverlib.a(i2c.obj)
                0x20008cbe                I2CMasterBusBusy
 .text.I2CMasterControl
                0x20008ce4       0x1e C:/ti/simplelink_cc32xx_sdk_7_10_00_13/source\ti/devices/cc32xx/driverlib/gcc/Release/driverlib.a(i2c.obj)
                0x20008ce4                I2CMasterControl
 .text.I2CMasterTimeoutSet
                0x20008d02       0x1e C:/ti/simplelink_cc32xx_sdk_7_10_00_13/source\ti/devices/cc32xx/driverlib/gcc/Release/driverlib.a(i2c.obj)
                0x20008d02                I2CMasterTimeoutSet
 .text.I2CTxFIFOConfigSet
                0x20008d20       0x3e C:/ti/simplelink_cc32xx_sdk_7_10_00_13/source\ti/devices/cc32xx/driverlib/gcc/Release/driverlib.a(i2c.obj)
                0x20008d20                I2CTxFIFOConfigSet
 .text.I2CTxFIFOFlush
                0x20008d5e       0x26 C:/ti/simplelink_cc32xx_sdk_7_10_00_13/source\ti/devices/cc32xx/driverlib/gcc/Release/driverlib.a(i2c.obj)
                0x20008d5e                I2CTxFIFOFlush
 .text.I2CRxFIFOConfigSet
                0x20008d84       0x3e C:/ti/simplelink_cc32xx_sdk_7_10_00_13/source\ti/devices/cc32xx/driverlib/gcc/Release/driverlib.a(i2c.obj)
                0x20008d84                I2CRxFIFOConfigSet
 .text.I2CRxFIFOFlush
                0x20008dc2       0x26 C:/ti/simplelink_cc32xx_sdk_7_10_00_13/source\ti/devices/cc32xx/driverlib/gcc/Release/driverlib.a(i2c.obj)
                0x20008dc2                I2CRxFIFOFlush
 .text.I2CFIFOStatus
                0x20008de8       0x1a C:/ti/simplelink_cc32xx_sdk_7_10_00_13/source\ti/devices/cc32xx/driverlib/gcc/Release/driverlib.a(i2c.obj)
                0x20008de8                I2CFIFOStatus
 .text.I2CFIFODataPutNonBlocking
                0x20008e02       0x38 C:/ti/simplelink_cc32xx_sdk_7_10_00_13/source\ti/devices/cc32xx/driverlib/gcc/Release/driverlib.a(i2c.obj)
                0x20008e02                I2CFIFODataPutNonBlocking
 .text.I2CFIFODataGetNonBlocking
                0x20008e3a       0x38 C:/ti/simplelink_cc32xx_sdk_7_10_00_13/source\ti/devices/cc32xx/driverlib/gcc/Release/driverlib.a(i2c.obj)
                0x20008e3a                I2CFIFODataGetNonBlocking
 .text.I2CMasterBurstLengthSet
                0x20008e72       0x20 C:/ti/simplelink_cc32xx_sdk_7_10_00_13/source\ti/devices/cc32xx/driverlib/gcc/Release/driverlib.a(i2c.obj)
                0x20008e72                I2CMasterBurstLengthSet
 .text.IntDefaultHandler
                0x20008e92        0x6 C:/ti/simplelink_cc32xx_sdk_7_10_00_13/source\ti/devices/cc32xx/driverlib/gcc/Release/driverlib.a(interrupt.obj)
 .text.IntMasterEnable
                0x20008e98       0x10 C:/ti/simplelink_cc32xx_sdk_7_10_00_13/source\ti/devices/cc32xx/driverlib/gcc/Release/driverlib.a(interrupt.obj)
                0x20008e98                IntMasterEnable
 .text.IntMasterDisable
                0x20008ea8       0x10 C:/ti/simplelink_cc32xx_sdk_7_10_00_13/source\ti/devices/cc32xx/driverlib/gcc/Release/driverlib.a(interrupt.obj)
                0x20008ea8                IntMasterDisable
 .text.IntVTableBaseSet
                0x20008eb8       0x1c C:/ti/simplelink_cc32xx_sdk_7_10_00_13/source\ti/devices/cc32xx/driverlib/gcc/Release/driverlib.a(interrupt.obj)
                0x20008eb8                IntVTableBaseSet
 .text.IntRegister
                0x20008ed4       0x2c C:/ti/simplelink_cc32xx_sdk_7_10_00_13/source\ti/devices/cc32xx/driverlib/gcc/Release/driverlib.a(interrupt.obj)
                0x20008ed4                IntRegister
 .text.IntUnregister
                0x20008f00       0x2c C:/ti/simplelink_cc32xx_sdk_7_10_00_13/source\ti/devices/cc32xx/driverlib/gcc/Release/driverlib.a(interrupt.obj)
                0x20008f00                IntUnregister
 .text.IntPrioritySet
                0x20008f2c       0x68 C:/ti/simplelink_cc32xx_sdk_7_10_00_13/source\ti/devices/cc32xx/driverlib/gcc/Release/driverlib.a(interrupt.obj)
                0x20008f2c                IntPrioritySet
 .text.IntEnable
                0x20008f94       0xbc C:/ti/simplelink_cc32xx_sdk_7_10_00_13/source\ti/devices/cc32xx/driverlib/gcc/Release/driverlib.a(interrupt.obj)
                0x20008f94                IntEnable
 .text.IntDisable
                0x20009050       0xbc C:/ti/simplelink_cc32xx_sdk_7_10_00_13/source\ti/devices/cc32xx/driverlib/gcc/Release/driverlib.a(interrupt.obj)
                0x20009050                IntDisable
 .text.IntPendSet
                0x2000910c       0x9c C:/ti/simplelink_cc32xx_sdk_7_10_00_13/source\ti/devices/cc32xx/driverlib/gcc/Release/driverlib.a(interrupt.obj)
                0x2000910c                IntPendSet
 .text.IntPendClear
                0x200091a8       0x68 C:/ti/simplelink_cc32xx_sdk_7_10_00_13/source\ti/devices/cc32xx/driverlib/gcc/Release/driverlib.a(interrupt.obj)
                0x200091a8                IntPendClear
 .text.PinModeSet
                0x20009210       0x48 C:/ti/simplelink_cc32xx_sdk_7_10_00_13/source\ti/devices/cc32xx/driverlib/gcc/Release/driverlib.a(pin.obj)
                0x20009210                PinModeSet
 .text.PinModeGet
                0x20009258       0x3c C:/ti/simplelink_cc32xx_sdk_7_10_00_13/source\ti/devices/cc32xx/driverlib/gcc/Release/driverlib.a(pin.obj)
                0x20009258                PinModeGet
 .text.PinDirModeSet
                0x20009294       0x44 C:/ti/simplelink_cc32xx_sdk_7_10_00_13/source\ti/devices/cc32xx/driverlib/gcc/Release/driverlib.a(pin.obj)
                0x20009294                PinDirModeSet
 .text.PinDirModeGet
                0x200092d8       0x3c C:/ti/simplelink_cc32xx_sdk_7_10_00_13/source\ti/devices/cc32xx/driverlib/gcc/Release/driverlib.a(pin.obj)
                0x200092d8                PinDirModeGet
 .text.PinConfigGet
                0x20009314       0x50 C:/ti/simplelink_cc32xx_sdk_7_10_00_13/source\ti/devices/cc32xx/driverlib/gcc/Release/driverlib.a(pin.obj)
                0x20009314                PinConfigGet
 .text.PinConfigSet
                0x20009364       0x9c C:/ti/simplelink_cc32xx_sdk_7_10_00_13/source\ti/devices/cc32xx/driverlib/gcc/Release/driverlib.a(pin.obj)
                0x20009364                PinConfigSet
 .text.PinTypeUART
                0x20009400       0x24 C:/ti/simplelink_cc32xx_sdk_7_10_00_13/source\ti/devices/cc32xx/driverlib/gcc/Release/driverlib.a(pin.obj)
                0x20009400                PinTypeUART
 .text.PinTypeI2C
                0x20009424       0x26 C:/ti/simplelink_cc32xx_sdk_7_10_00_13/source\ti/devices/cc32xx/driverlib/gcc/Release/driverlib.a(pin.obj)
                0x20009424                PinTypeI2C
 *fill*         0x2000944a        0x2 
 .text.PinLockLevelSet
                0x2000944c       0x68 C:/ti/simplelink_cc32xx_sdk_7_10_00_13/source\ti/devices/cc32xx/driverlib/gcc/Release/driverlib.a(pin.obj)
                0x2000944c                PinLockLevelSet
 .text.PinLock  0x200094b4       0x40 C:/ti/simplelink_cc32xx_sdk_7_10_00_13/source\ti/devices/cc32xx/driverlib/gcc/Release/driverlib.a(pin.obj)
                0x200094b4                PinLock
 .text.PinUnlock
                0x200094f4       0x2c C:/ti/simplelink_cc32xx_sdk_7_10_00_13/source\ti/devices/cc32xx/driverlib/gcc/Release/driverlib.a(pin.obj)
                0x200094f4                PinUnlock
 .text.PinToPadGet
                0x20009520       0x24 C:/ti/simplelink_cc32xx_sdk_7_10_00_13/source\ti/devices/cc32xx/driverlib/gcc/Release/driverlib.a(pin.obj)
                0x20009520                PinToPadGet
 .text.PRCMSysResetCauseGet
                0x20009544       0x78 C:/ti/simplelink_cc32xx_sdk_7_10_00_13/source\ti/devices/cc32xx/driverlib/gcc/Release/driverlib.a(prcm.obj)
                0x20009544                PRCMSysResetCauseGet
 .text.PRCMPeripheralClkEnable
                0x200095bc       0x6c C:/ti/simplelink_cc32xx_sdk_7_10_00_13/source\ti/devices/cc32xx/driverlib/gcc/Release/driverlib.a(prcm.obj)
                0x200095bc                PRCMPeripheralClkEnable
 .text.PRCMPeripheralClkDisable
                0x20009628       0x48 C:/ti/simplelink_cc32xx_sdk_7_10_00_13/source\ti/devices/cc32xx/driverlib/gcc/Release/driverlib.a(prcm.obj)
                0x20009628                PRCMPeripheralClkDisable
 .text.PRCMPeripheralReset
                0x20009670       0x8c C:/ti/simplelink_cc32xx_sdk_7_10_00_13/source\ti/devices/cc32xx/driverlib/gcc/Release/driverlib.a(prcm.obj)
                0x20009670                PRCMPeripheralReset
 .text.PRCMPeripheralStatusGet
                0x200096fc       0x40 C:/ti/simplelink_cc32xx_sdk_7_10_00_13/source\ti/devices/cc32xx/driverlib/gcc/Release/driverlib.a(prcm.obj)
                0x200096fc                PRCMPeripheralStatusGet
 .text.PRCMLPDSRestoreInfoSet
                0x2000973c       0x50 C:/ti/simplelink_cc32xx_sdk_7_10_00_13/source\ti/devices/cc32xx/driverlib/gcc/Release/driverlib.a(prcm.obj)
                0x2000973c                PRCMLPDSRestoreInfoSet
 .text.PRCMLPDSEnter
                0x2000978c       0x50 C:/ti/simplelink_cc32xx_sdk_7_10_00_13/source\ti/devices/cc32xx/driverlib/gcc/Release/driverlib.a(prcm.obj)
                0x2000978c                PRCMLPDSEnter
 .text.PRCMLPDSEnterKeepDebugIf
                0x200097dc       0x40 C:/ti/simplelink_cc32xx_sdk_7_10_00_13/source\ti/devices/cc32xx/driverlib/gcc/Release/driverlib.a(prcm.obj)
                0x200097dc                PRCMLPDSEnterKeepDebugIf
 .text.PRCMLPDSWakeupSourceEnable
                0x2000981c       0x30 C:/ti/simplelink_cc32xx_sdk_7_10_00_13/source\ti/devices/cc32xx/driverlib/gcc/Release/driverlib.a(prcm.obj)
                0x2000981c                PRCMLPDSWakeupSourceEnable
 .text.PRCMLPDSWakeupSourceDisable
                0x2000984c       0x24 C:/ti/simplelink_cc32xx_sdk_7_10_00_13/source\ti/devices/cc32xx/driverlib/gcc/Release/driverlib.a(prcm.obj)
                0x2000984c                PRCMLPDSWakeupSourceDisable
 .text.PRCMLPDSWakeupCauseGet
                0x20009870       0x14 C:/ti/simplelink_cc32xx_sdk_7_10_00_13/source\ti/devices/cc32xx/driverlib/gcc/Release/driverlib.a(prcm.obj)
                0x20009870                PRCMLPDSWakeupCauseGet
 .text.PRCMLPDSIntervalSet
                0x20009884       0x34 C:/ti/simplelink_cc32xx_sdk_7_10_00_13/source\ti/devices/cc32xx/driverlib/gcc/Release/driverlib.a(prcm.obj)
                0x20009884                PRCMLPDSIntervalSet
 .text.PRCMLPDSWakeUpGPIOSelect
                0x200098b8       0x2c C:/ti/simplelink_cc32xx_sdk_7_10_00_13/source\ti/devices/cc32xx/driverlib/gcc/Release/driverlib.a(prcm.obj)
                0x200098b8                PRCMLPDSWakeUpGPIOSelect
 .text.PRCMSleepEnter
                0x200098e4        0xc C:/ti/simplelink_cc32xx_sdk_7_10_00_13/source\ti/devices/cc32xx/driverlib/gcc/Release/driverlib.a(prcm.obj)
                0x200098e4                PRCMSleepEnter
 .text.PRCMSRAMRetentionEnable
                0x200098f0       0x2c C:/ti/simplelink_cc32xx_sdk_7_10_00_13/source\ti/devices/cc32xx/driverlib/gcc/Release/driverlib.a(prcm.obj)
                0x200098f0                PRCMSRAMRetentionEnable
 .text.PRCMHibernateWakeupSourceEnable
                0x2000991c       0x50 C:/ti/simplelink_cc32xx_sdk_7_10_00_13/source\ti/devices/cc32xx/driverlib/gcc/Release/driverlib.a(prcm.obj)
                0x2000991c                PRCMHibernateWakeupSourceEnable
 .text.PRCMHibernateWakeupSourceDisable
                0x2000996c       0x54 C:/ti/simplelink_cc32xx_sdk_7_10_00_13/source\ti/devices/cc32xx/driverlib/gcc/Release/driverlib.a(prcm.obj)
                0x2000996c                PRCMHibernateWakeupSourceDisable
 .text.PRCMHibernateWakeUpGPIOSelect
                0x200099c0       0x74 C:/ti/simplelink_cc32xx_sdk_7_10_00_13/source\ti/devices/cc32xx/driverlib/gcc/Release/driverlib.a(prcm.obj)
                0x200099c0                PRCMHibernateWakeUpGPIOSelect
 .text.PRCMSlowClkCtrFastGet
                0x20009a34       0x5c C:/ti/simplelink_cc32xx_sdk_7_10_00_13/source\ti/devices/cc32xx/driverlib/gcc/Release/driverlib.a(prcm.obj)
                0x20009a34                PRCMSlowClkCtrFastGet
 .text.PRCMIntEnable
                0x20009a90       0x48 C:/ti/simplelink_cc32xx_sdk_7_10_00_13/source\ti/devices/cc32xx/driverlib/gcc/Release/driverlib.a(prcm.obj)
                0x20009a90                PRCMIntEnable
 .text.PRCMCC3200MCUInit
                0x20009ad8      0x478 C:/ti/simplelink_cc32xx_sdk_7_10_00_13/source\ti/devices/cc32xx/driverlib/gcc/Release/driverlib.a(prcm.obj)
                0x20009ad8                PRCMCC3200MCUInit
 .text.PRCMHIBRegRead
                0x20009f50       0x20 C:/ti/simplelink_cc32xx_sdk_7_10_00_13/source\ti/devices/cc32xx/driverlib/gcc/Release/driverlib.a(prcm.obj)
                0x20009f50                PRCMHIBRegRead
 .text.PRCMHIBRegWrite
                0x20009f70       0x20 C:/ti/simplelink_cc32xx_sdk_7_10_00_13/source\ti/devices/cc32xx/driverlib/gcc/Release/driverlib.a(prcm.obj)
                0x20009f70                PRCMHIBRegWrite
 .text.SysTickEnable
                0x20009f90       0x1c C:/ti/simplelink_cc32xx_sdk_7_10_00_13/source\ti/devices/cc32xx/driverlib/gcc/Release/driverlib.a(systick.obj)
                0x20009f90                SysTickEnable
 .text.SysTickIntEnable
                0x20009fac       0x1c C:/ti/simplelink_cc32xx_sdk_7_10_00_13/source\ti/devices/cc32xx/driverlib/gcc/Release/driverlib.a(systick.obj)
                0x20009fac                SysTickIntEnable
 .text.SysTickIntDisable
                0x20009fc8       0x1c C:/ti/simplelink_cc32xx_sdk_7_10_00_13/source\ti/devices/cc32xx/driverlib/gcc/Release/driverlib.a(systick.obj)
                0x20009fc8                SysTickIntDisable
 .text.SysTickPeriodSet
                0x20009fe4       0x20 C:/ti/simplelink_cc32xx_sdk_7_10_00_13/source\ti/devices/cc32xx/driverlib/gcc/Release/driverlib.a(systick.obj)
                0x20009fe4                SysTickPeriodSet
 .text.SysTickValueGet
                0x2000a004       0x14 C:/ti/simplelink_cc32xx_sdk_7_10_00_13/source\ti/devices/cc32xx/driverlib/gcc/Release/driverlib.a(systick.obj)
                0x2000a004                SysTickValueGet
 .text.TimerEnable
                0x2000a018       0x2a C:/ti/simplelink_cc32xx_sdk_7_10_00_13/source\ti/devices/cc32xx/driverlib/gcc/Release/driverlib.a(timer.obj)
                0x2000a018                TimerEnable
 .text.TimerDisable
                0x2000a042       0x2c C:/ti/simplelink_cc32xx_sdk_7_10_00_13/source\ti/devices/cc32xx/driverlib/gcc/Release/driverlib.a(timer.obj)
                0x2000a042                TimerDisable
 .text.TimerControlStall
                0x2000a06e       0x46 C:/ti/simplelink_cc32xx_sdk_7_10_00_13/source\ti/devices/cc32xx/driverlib/gcc/Release/driverlib.a(timer.obj)
                0x2000a06e                TimerControlStall
 .text.TimerPrescaleSet
                0x2000a0b4       0x3c C:/ti/simplelink_cc32xx_sdk_7_10_00_13/source\ti/devices/cc32xx/driverlib/gcc/Release/driverlib.a(timer.obj)
                0x2000a0b4                TimerPrescaleSet
 .text.TimerLoadSet
                0x2000a0f0       0x3c C:/ti/simplelink_cc32xx_sdk_7_10_00_13/source\ti/devices/cc32xx/driverlib/gcc/Release/driverlib.a(timer.obj)
                0x2000a0f0                TimerLoadSet
 .text.TimerIntEnable
                0x2000a12c       0x26 C:/ti/simplelink_cc32xx_sdk_7_10_00_13/source\ti/devices/cc32xx/driverlib/gcc/Release/driverlib.a(timer.obj)
                0x2000a12c                TimerIntEnable
 .text.TimerIntDisable
                0x2000a152       0x26 C:/ti/simplelink_cc32xx_sdk_7_10_00_13/source\ti/devices/cc32xx/driverlib/gcc/Release/driverlib.a(timer.obj)
                0x2000a152                TimerIntDisable
 .text.TimerIntClear
                0x2000a178       0x1e C:/ti/simplelink_cc32xx_sdk_7_10_00_13/source\ti/devices/cc32xx/driverlib/gcc/Release/driverlib.a(timer.obj)
                0x2000a178                TimerIntClear
 .text.UARTFIFOLevelSet
                0x2000a196       0x24 C:/ti/simplelink_cc32xx_sdk_7_10_00_13/source\ti/devices/cc32xx/driverlib/gcc/Release/driverlib.a(uart.obj)
                0x2000a196                UARTFIFOLevelSet
 .text.UARTConfigSetExpClk
                0x2000a1ba       0x92 C:/ti/simplelink_cc32xx_sdk_7_10_00_13/source\ti/devices/cc32xx/driverlib/gcc/Release/driverlib.a(uart.obj)
                0x2000a1ba                UARTConfigSetExpClk
 .text.UARTEnable
                0x2000a24c       0x36 C:/ti/simplelink_cc32xx_sdk_7_10_00_13/source\ti/devices/cc32xx/driverlib/gcc/Release/driverlib.a(uart.obj)
                0x2000a24c                UARTEnable
 .text.UARTDisable
                0x2000a282       0x46 C:/ti/simplelink_cc32xx_sdk_7_10_00_13/source\ti/devices/cc32xx/driverlib/gcc/Release/driverlib.a(uart.obj)
                0x2000a282                UARTDisable
 .text.UARTFlowControlSet
                0x2000a2c8       0x2a C:/ti/simplelink_cc32xx_sdk_7_10_00_13/source\ti/devices/cc32xx/driverlib/gcc/Release/driverlib.a(uart.obj)
                0x2000a2c8                UARTFlowControlSet
 .text.UARTCharsAvail
                0x2000a2f2       0x26 C:/ti/simplelink_cc32xx_sdk_7_10_00_13/source\ti/devices/cc32xx/driverlib/gcc/Release/driverlib.a(uart.obj)
                0x2000a2f2                UARTCharsAvail
 .text.UARTCharPutNonBlocking
                0x2000a318       0x30 C:/ti/simplelink_cc32xx_sdk_7_10_00_13/source\ti/devices/cc32xx/driverlib/gcc/Release/driverlib.a(uart.obj)
                0x2000a318                UARTCharPutNonBlocking
 .text.UARTBusy
                0x2000a348       0x26 C:/ti/simplelink_cc32xx_sdk_7_10_00_13/source\ti/devices/cc32xx/driverlib/gcc/Release/driverlib.a(uart.obj)
                0x2000a348                UARTBusy
 .text.UARTIntEnable
                0x2000a36e       0x26 C:/ti/simplelink_cc32xx_sdk_7_10_00_13/source\ti/devices/cc32xx/driverlib/gcc/Release/driverlib.a(uart.obj)
                0x2000a36e                UARTIntEnable
 .text.UARTIntDisable
                0x2000a394       0x26 C:/ti/simplelink_cc32xx_sdk_7_10_00_13/source\ti/devices/cc32xx/driverlib/gcc/Release/driverlib.a(uart.obj)
                0x2000a394                UARTIntDisable
 .text.UARTIntStatus
                0x2000a3ba       0x2a C:/ti/simplelink_cc32xx_sdk_7_10_00_13/source\ti/devices/cc32xx/driverlib/gcc/Release/driverlib.a(uart.obj)
                0x2000a3ba                UARTIntStatus
 .text.UARTIntClear
                0x2000a3e4       0x1e C:/ti/simplelink_cc32xx_sdk_7_10_00_13/source\ti/devices/cc32xx/driverlib/gcc/Release/driverlib.a(uart.obj)
                0x2000a3e4                UARTIntClear
 .text.UARTDMAEnable
                0x2000a402       0x26 C:/ti/simplelink_cc32xx_sdk_7_10_00_13/source\ti/devices/cc32xx/driverlib/gcc/Release/driverlib.a(uart.obj)
                0x2000a402                UARTDMAEnable
 .text.UARTDMADisable
                0x2000a428       0x26 C:/ti/simplelink_cc32xx_sdk_7_10_00_13/source\ti/devices/cc32xx/driverlib/gcc/Release/driverlib.a(uart.obj)
                0x2000a428                UARTDMADisable
 .text.UARTRxErrorGet
                0x2000a44e       0x1c C:/ti/simplelink_cc32xx_sdk_7_10_00_13/source\ti/devices/cc32xx/driverlib/gcc/Release/driverlib.a(uart.obj)
                0x2000a44e                UARTRxErrorGet
 *fill*         0x2000a46a        0x2 
 .text.uDMAEnable
                0x2000a46c       0x18 C:/ti/simplelink_cc32xx_sdk_7_10_00_13/source\ti/devices/cc32xx/driverlib/gcc/Release/driverlib.a(udma.obj)
                0x2000a46c                uDMAEnable
 .text.uDMAErrorStatusGet
                0x2000a484       0x14 C:/ti/simplelink_cc32xx_sdk_7_10_00_13/source\ti/devices/cc32xx/driverlib/gcc/Release/driverlib.a(udma.obj)
                0x2000a484                uDMAErrorStatusGet
 .text.uDMAErrorStatusClear
                0x2000a498       0x18 C:/ti/simplelink_cc32xx_sdk_7_10_00_13/source\ti/devices/cc32xx/driverlib/gcc/Release/driverlib.a(udma.obj)
                0x2000a498                uDMAErrorStatusClear
 .text.uDMAChannelEnable
                0x2000a4b0       0x24 C:/ti/simplelink_cc32xx_sdk_7_10_00_13/source\ti/devices/cc32xx/driverlib/gcc/Release/driverlib.a(udma.obj)
                0x2000a4b0                uDMAChannelEnable
 .text.uDMAChannelDisable
                0x2000a4d4       0x24 C:/ti/simplelink_cc32xx_sdk_7_10_00_13/source\ti/devices/cc32xx/driverlib/gcc/Release/driverlib.a(udma.obj)
                0x2000a4d4                uDMAChannelDisable
 .text.uDMAChannelIsEnabled
                0x2000a4f8       0x34 C:/ti/simplelink_cc32xx_sdk_7_10_00_13/source\ti/devices/cc32xx/driverlib/gcc/Release/driverlib.a(udma.obj)
                0x2000a4f8                uDMAChannelIsEnabled
 .text.uDMAControlBaseSet
                0x2000a52c       0x1c C:/ti/simplelink_cc32xx_sdk_7_10_00_13/source\ti/devices/cc32xx/driverlib/gcc/Release/driverlib.a(udma.obj)
                0x2000a52c                uDMAControlBaseSet
 .text.uDMAChannelAttributeDisable
                0x2000a548       0x7c C:/ti/simplelink_cc32xx_sdk_7_10_00_13/source\ti/devices/cc32xx/driverlib/gcc/Release/driverlib.a(udma.obj)
                0x2000a548                uDMAChannelAttributeDisable
 .text.uDMAChannelControlSet
                0x2000a5c4       0x48 C:/ti/simplelink_cc32xx_sdk_7_10_00_13/source\ti/devices/cc32xx/driverlib/gcc/Release/driverlib.a(udma.obj)
                0x2000a5c4                uDMAChannelControlSet
 .text.uDMAChannelTransferSet
                0x2000a60c      0x104 C:/ti/simplelink_cc32xx_sdk_7_10_00_13/source\ti/devices/cc32xx/driverlib/gcc/Release/driverlib.a(udma.obj)
                0x2000a60c                uDMAChannelTransferSet
 .text.uDMAChannelSizeGet
                0x2000a710       0x48 C:/ti/simplelink_cc32xx_sdk_7_10_00_13/source\ti/devices/cc32xx/driverlib/gcc/Release/driverlib.a(udma.obj)
                0x2000a710                uDMAChannelSizeGet
 .text.uDMAIntClear
                0x2000a758       0x1c C:/ti/simplelink_cc32xx_sdk_7_10_00_13/source\ti/devices/cc32xx/driverlib/gcc/Release/driverlib.a(udma.obj)
                0x2000a758                uDMAIntClear
 .text.uDMAChannelAssign
                0x2000a774       0x58 C:/ti/simplelink_cc32xx_sdk_7_10_00_13/source\ti/devices/cc32xx/driverlib/gcc/Release/driverlib.a(udma.obj)
                0x2000a774                uDMAChannelAssign
 .text.UtilsDelay
                0x2000a7cc        0xa C:/ti/simplelink_cc32xx_sdk_7_10_00_13/source\ti/devices/cc32xx/driverlib/gcc/Release/driverlib.a(utils.obj)
                0x2000a7cc                UtilsDelay
 *fill*         0x2000a7d6        0x2 
 .text.FlashDisable
                0x2000a7d8       0x50 C:/ti/simplelink_cc32xx_sdk_7_10_00_13/source\ti/devices/cc32xx/driverlib/gcc/Release/driverlib.a(flash.obj)
                0x2000a7d8                FlashDisable
 .text.malloc   0x2000a828       0x10 C:/ti/ccs1240/ccs/tools/compiler/gcc-arm-none-eabi-9-2019-q4-major/arm-none-eabi/lib/thumb/v7e-m/nofp\libc_nano.a(lib_a-malloc.o)
                0x2000a828                malloc
 .text.free     0x2000a838       0x10 C:/ti/ccs1240/ccs/tools/compiler/gcc-arm-none-eabi-9-2019-q4-major/arm-none-eabi/lib/thumb/v7e-m/nofp\libc_nano.a(lib_a-malloc.o)
                0x2000a838                free
 .text.memcpy   0x2000a848       0x1c C:/ti/ccs1240/ccs/tools/compiler/gcc-arm-none-eabi-9-2019-q4-major/arm-none-eabi/lib/thumb/v7e-m/nofp\libc_nano.a(lib_a-memcpy-stub.o)
                0x2000a848                memcpy
 .text.memset   0x2000a864       0x10 C:/ti/ccs1240/ccs/tools/compiler/gcc-arm-none-eabi-9-2019-q4-major/arm-none-eabi/lib/thumb/v7e-m/nofp\libc_nano.a(lib_a-memset.o)
                0x2000a864                memset
 .text._free_r  0x2000a874       0x9c C:/ti/ccs1240/ccs/tools/compiler/gcc-arm-none-eabi-9-2019-q4-major/arm-none-eabi/lib/thumb/v7e-m/nofp\libc_nano.a(lib_a-nano-freer.o)
                0x2000a874                _free_r
 .text._malloc_r
                0x2000a910       0xb4 C:/ti/ccs1240/ccs/tools/compiler/gcc-arm-none-eabi-9-2019-q4-major/arm-none-eabi/lib/thumb/v7e-m/nofp\libc_nano.a(lib_a-nano-mallocr.o)
                0x2000a910                _malloc_r
 .text._sbrk_r  0x2000a9c4       0x20 C:/ti/ccs1240/ccs/tools/compiler/gcc-arm-none-eabi-9-2019-q4-major/arm-none-eabi/lib/thumb/v7e-m/nofp\libc_nano.a(lib_a-sbrkr.o)
                0x2000a9c4                _sbrk_r
 .text.snprintf
                0x2000a9e4       0x68 C:/ti/ccs1240/ccs/tools/compiler/gcc-arm-none-eabi-9-2019-q4-major/arm-none-eabi/lib/thumb/v7e-m/nofp\libc_nano.a(lib_a-snprintf.o)
                0x2000a9e4                sniprintf
                0x2000a9e4                snprintf
 .text.__malloc_lock
                0x2000aa4c        0xc C:/ti/ccs1240/ccs/tools/compiler/gcc-arm-none-eabi-9-2019-q4-major/arm-none-eabi/lib/thumb/v7e-m/nofp\libc_nano.a(lib_a-mlock.o)
                0x2000aa4c                __malloc_lock
 .text.__malloc_unlock
                0x2000aa58        0xc C:/ti/ccs1240/ccs/tools/compiler/gcc-arm-none-eabi-9-2019-q4-major/arm-none-eabi/lib/thumb/v7e-m/nofp\libc_nano.a(lib_a-mlock.o)
                0x2000aa58                __malloc_unlock
 .text.__ssputs_r
                0x2000aa64       0xb6 C:/ti/ccs1240/ccs/tools/compiler/gcc-arm-none-eabi-9-2019-q4-major/arm-none-eabi/lib/thumb/v7e-m/nofp\libc_nano.a(lib_a-nano-svfprintf.o)
                0x2000aa64                __ssputs_r
 *fill*         0x2000ab1a        0x2 
 .text._svfprintf_r
                0x2000ab1c      0x200 C:/ti/ccs1240/ccs/tools/compiler/gcc-arm-none-eabi-9-2019-q4-major/arm-none-eabi/lib/thumb/v7e-m/nofp\libc_nano.a(lib_a-nano-svfprintf.o)
                0x2000ab1c                _svfiprintf_r
                0x2000ab1c                _svfprintf_r
 .text._printf_common
                0x2000ad1c       0xda C:/ti/ccs1240/ccs/tools/compiler/gcc-arm-none-eabi-9-2019-q4-major/arm-none-eabi/lib/thumb/v7e-m/nofp\libc_nano.a(lib_a-nano-vfprintf_i.o)
                0x2000ad1c                _printf_common
 *fill*         0x2000adf6        0x2 
 .text._printf_i
                0x2000adf8      0x24c C:/ti/ccs1240/ccs/tools/compiler/gcc-arm-none-eabi-9-2019-q4-major/arm-none-eabi/lib/thumb/v7e-m/nofp\libc_nano.a(lib_a-nano-vfprintf_i.o)
                0x2000adf8                _printf_i
 .text.__retarget_lock_acquire_recursive
                0x2000b044        0x2 C:/ti/ccs1240/ccs/tools/compiler/gcc-arm-none-eabi-9-2019-q4-major/arm-none-eabi/lib/thumb/v7e-m/nofp\libc_nano.a(lib_a-lock.o)
                0x2000b044                __retarget_lock_acquire_recursive
 .text.__retarget_lock_release_recursive
                0x2000b046        0x2 C:/ti/ccs1240/ccs/tools/compiler/gcc-arm-none-eabi-9-2019-q4-major/arm-none-eabi/lib/thumb/v7e-m/nofp\libc_nano.a(lib_a-lock.o)
                0x2000b046                __retarget_lock_release_recursive
 .text.memmove  0x2000b048       0x34 C:/ti/ccs1240/ccs/tools/compiler/gcc-arm-none-eabi-9-2019-q4-major/arm-none-eabi/lib/thumb/v7e-m/nofp\libc_nano.a(lib_a-memmove.o)
                0x2000b048                memmove
 .text._realloc_r
                0x2000b07c       0x4c C:/ti/ccs1240/ccs/tools/compiler/gcc-arm-none-eabi-9-2019-q4-major/arm-none-eabi/lib/thumb/v7e-m/nofp\libc_nano.a(lib_a-nano-reallocr.o)
                0x2000b07c                _realloc_r
 .text._malloc_usable_size_r
                0x2000b0c8       0x10 C:/ti/ccs1240/ccs/tools/compiler/gcc-arm-none-eabi-9-2019-q4-major/arm-none-eabi/lib/thumb/v7e-m/nofp\libc_nano.a(lib_a-nano-msizer.o)
                0x2000b0c8                _malloc_usable_size_r
 .text._sbrk    0x2000b0d8       0x1c C:/ti/ccs1240/ccs/tools/compiler/gcc-arm-none-eabi-9-2019-q4-major/arm-none-eabi/lib/thumb/v7e-m/nofp\libnosys.a(sbrk.o)
                0x2000b0d8                _sbrk
                0x2000b0f4                . = ALIGN (0x4)
 *(.ctors)
                0x2000b0f4                . = ALIGN (0x4)
 *(.dtors)
                0x2000b0f4                . = ALIGN (0x4)
                0x2000b0f4                __init_array_start = .
 *(.init_array*)
                0x2000b0f4                __init_array_end = .
 *(.init)
 *(.fini*)
                [!provide]                PROVIDE (__etext = .)
                [!provide]                PROVIDE (_etext = .)
                [!provide]                PROVIDE (etext = .)

.glue_7         0x2000b0f4        0x0
 .glue_7        0x2000b0f4        0x0 linker stubs

.glue_7t        0x2000b0f4        0x0
 .glue_7t       0x2000b0f4        0x0 linker stubs

.vfp11_veneer   0x2000b0f4        0x0
 .vfp11_veneer  0x2000b0f4        0x0 linker stubs

.v4_bx          0x2000b0f4        0x0
 .v4_bx         0x2000b0f4        0x0 linker stubs

.iplt           0x2000b0f4        0x0
 .iplt          0x2000b0f4        0x0 ./gpiointerrupt.o

.rodata         0x2000b0f4      0x57b
 *(.rodata)
 *(.rodata*)
 .rodata.initI2C.str1.4
                0x2000b0f4       0x9a ./gpiointerrupt.o
 *fill*         0x2000b18e        0x2 
 .rodata.mainThread.str1.4
                0x2000b190       0x15 ./gpiointerrupt.o
 *fill*         0x2000b1a5        0x3 
 .rodata.str1.4
                0x2000b1a8        0xc ./gpiointerrupt.o
 .rodata.sensors
                0x2000b1b4       0x18 ./gpiointerrupt.o
 .rodata.GPIO_config
                0x2000b1cc       0x10 ./syscfg/ti_drivers_config.o
                0x2000b1cc                GPIO_config
 .rodata.GPIO_pinUpperBound
                0x2000b1dc        0x1 ./syscfg/ti_drivers_config.o
                0x2000b1dc                GPIO_pinUpperBound
 *fill*         0x2000b1dd        0x3 
 .rodata.I2C_config
                0x2000b1e0        0x8 ./syscfg/ti_drivers_config.o
                0x2000b1e0                I2C_config
 .rodata.I2C_count
                0x2000b1e8        0x1 ./syscfg/ti_drivers_config.o
                0x2000b1e8                I2C_count
 *fill*         0x2000b1e9        0x3 
 .rodata.PowerCC32XX_config
                0x2000b1ec       0x44 ./syscfg/ti_drivers_config.o
                0x2000b1ec                PowerCC32XX_config
 .rodata.Timer_config
                0x2000b230        0x8 ./syscfg/ti_drivers_config.o
                0x2000b230                Timer_config
 .rodata.Timer_count
                0x2000b238        0x1 ./syscfg/ti_drivers_config.o
                0x2000b238                Timer_count
 *fill*         0x2000b239        0x3 
 .rodata.UART2_config
                0x2000b23c        0x8 ./syscfg/ti_drivers_config.o
                0x2000b23c                UART2_config
 .rodata.UART2_count
                0x2000b244        0x1 ./syscfg/ti_drivers_config.o
                0x2000b244                UART2_count
 *fill*         0x2000b245        0x3 
 .rodata.UDMACC32XX_config
                0x2000b248        0x8 ./syscfg/ti_drivers_config.o
                0x2000b248                UDMACC32XX_config
 .rodata.i2cCC32XXHWAttrs
                0x2000b250       0x14 ./syscfg/ti_drivers_config.o
                0x2000b250                i2cCC32XXHWAttrs
 .rodata.timerCC32XXHWAttrs
                0x2000b264       0x10 ./syscfg/ti_drivers_config.o
                0x2000b264                timerCC32XXHWAttrs
 .rodata.uart2CC32XXHWAttrs0
                0x2000b274       0x38 ./syscfg/ti_drivers_config.o
 .rodata.udmaCC3220SHWAttrs
                0x2000b2ac        0xc ./syscfg/ti_drivers_config.o
                0x2000b2ac                udmaCC3220SHWAttrs
 .rodata.pinTable
                0x2000b2b8       0x21 C:/ti/simplelink_cc32xx_sdk_7_10_00_13/source\ti/drivers/lib/gcc/m4/drivers_cc32xx.a(GPIOCC32XX.c.obj)
 *fill*         0x2000b2d9        0x3 
 .rodata.portConfigs
                0x2000b2dc       0x28 C:/ti/simplelink_cc32xx_sdk_7_10_00_13/source\ti/drivers/lib/gcc/m4/drivers_cc32xx.a(GPIOCC32XX.c.obj)
 .rodata.I2C_defaultParams
                0x2000b304       0x10 C:/ti/simplelink_cc32xx_sdk_7_10_00_13/source\ti/drivers/lib/gcc/m4/drivers_cc32xx.a(I2CCC32XX.c.obj)
 .rodata.defaultParams
                0x2000b314        0xc C:/ti/simplelink_cc32xx_sdk_7_10_00_13/source\ti/drivers/lib/gcc/m4/drivers_cc32xx.a(Timer.c.obj)
 .rodata.defaultParams
                0x2000b320        0xc C:/ti/simplelink_cc32xx_sdk_7_10_00_13/source\ti/drivers/lib/gcc/m4/drivers_cc32xx.a(TimerCC32XX.c.obj)
 .rodata.UART2_defaultParams
                0x2000b32c       0x24 C:/ti/simplelink_cc32xx_sdk_7_10_00_13/source\ti/drivers/lib/gcc/m4/drivers_cc32xx.a(UART2.c.obj)
                0x2000b32c                UART2_defaultParams
 .rodata.dataLength
                0x2000b350        0x4 C:/ti/simplelink_cc32xx_sdk_7_10_00_13/source\ti/drivers/lib/gcc/m4/drivers_cc32xx.a(UART2CC32XX.c.obj)
 .rodata.parityType
                0x2000b354        0x5 C:/ti/simplelink_cc32xx_sdk_7_10_00_13/source\ti/drivers/lib/gcc/m4/drivers_cc32xx.a(UART2CC32XX.c.obj)
 *fill*         0x2000b359        0x3 
 .rodata.stopBits
                0x2000b35c        0x2 C:/ti/simplelink_cc32xx_sdk_7_10_00_13/source\ti/drivers/lib/gcc/m4/drivers_cc32xx.a(UART2CC32XX.c.obj)
 *fill*         0x2000b35e        0x2 
 .rodata.g_pulRegs
                0x2000b360       0xd4 C:/ti/simplelink_cc32xx_sdk_7_10_00_13/source\ti/devices/cc32xx/driverlib/gcc/Release/driverlib.a(interrupt.obj)
 .rodata.g_pulEnRegs
                0x2000b434       0x18 C:/ti/simplelink_cc32xx_sdk_7_10_00_13/source\ti/devices/cc32xx/driverlib/gcc/Release/driverlib.a(interrupt.obj)
 .rodata.g_pulDisRegs
                0x2000b44c       0x18 C:/ti/simplelink_cc32xx_sdk_7_10_00_13/source\ti/devices/cc32xx/driverlib/gcc/Release/driverlib.a(interrupt.obj)
 .rodata.g_pulPendRegs
                0x2000b464       0x18 C:/ti/simplelink_cc32xx_sdk_7_10_00_13/source\ti/devices/cc32xx/driverlib/gcc/Release/driverlib.a(interrupt.obj)
 .rodata.g_pulUnpendRegs
                0x2000b47c       0x18 C:/ti/simplelink_cc32xx_sdk_7_10_00_13/source\ti/devices/cc32xx/driverlib/gcc/Release/driverlib.a(interrupt.obj)
 .rodata.g_ulPinToPadMap
                0x2000b494      0x100 C:/ti/simplelink_cc32xx_sdk_7_10_00_13/source\ti/devices/cc32xx/driverlib/gcc/Release/driverlib.a(pin.obj)
 .rodata.PRCM_PeriphRegsList
                0x2000b594       0xa8 C:/ti/simplelink_cc32xx_sdk_7_10_00_13/source\ti/devices/cc32xx/driverlib/gcc/Release/driverlib.a(prcm.obj)
 .rodata._svfprintf_r.str1.1
                0x2000b63c       0x11 C:/ti/ccs1240/ccs/tools/compiler/gcc-arm-none-eabi-9-2019-q4-major/arm-none-eabi/lib/thumb/v7e-m/nofp\libc_nano.a(lib_a-nano-svfprintf.o)
 .rodata._printf_i.str1.1
                0x2000b64d       0x22 C:/ti/ccs1240/ccs/tools/compiler/gcc-arm-none-eabi-9-2019-q4-major/arm-none-eabi/lib/thumb/v7e-m/nofp\libc_nano.a(lib_a-nano-vfprintf_i.o)

.data           0x2000b670      0x360
                0x2000b670                __data_load__ = LOADADDR (.data)
                0x2000b670                __data_start__ = .
 *(.data)
 *(.data*)
 .data.setPointTemperature
                0x2000b670        0x4 ./gpiointerrupt.o
                0x2000b670                setPointTemperature
 .data.gpioPinConfigs
                0x2000b674       0x84 ./syscfg/ti_drivers_config.o
                0x2000b674                gpioPinConfigs
 .data.parkInfo
                0x2000b6f8       0xf8 ./syscfg/ti_drivers_config.o
                0x2000b6f8                parkInfo
 .data.PowerCC32XX_module
                0x2000b7f0      0x16c C:/ti/simplelink_cc32xx_sdk_7_10_00_13/source\ti/drivers/lib/gcc/m4/drivers_cc32xx.a(PowerCC32XX.c.obj)
                0x2000b7f0                PowerCC32XX_module
 .data.SemaphoreP_defaultParams
                0x2000b95c        0x8 C:/ti/simplelink_cc32xx_sdk_7_10_00_13/kernel/nortos\lib/gcc/m4/nortos_cc32xx.a(SemaphoreP_nortos.c.obj)
                0x2000b95c                SemaphoreP_defaultParams
 .data.ClockP_tickPeriod
                0x2000b964        0x4 C:/ti/simplelink_cc32xx_sdk_7_10_00_13/kernel/nortos\lib/gcc/m4/nortos_cc32xx.a(ClockPSysTick_nortos.c.obj)
                0x2000b964                ClockP_tickPeriod
 .data.HwiP_swiPIntNum
                0x2000b968        0x4 C:/ti/simplelink_cc32xx_sdk_7_10_00_13/kernel/nortos\lib/gcc/m4/nortos_cc32xx.a(HwiPCC32XX_nortos.c.obj)
                0x2000b968                HwiP_swiPIntNum
 .data._impure_ptr
                0x2000b96c        0x4 C:/ti/ccs1240/ccs/tools/compiler/gcc-arm-none-eabi-9-2019-q4-major/arm-none-eabi/lib/thumb/v7e-m/nofp\libc_nano.a(lib_a-impure.o)
                0x2000b96c                _impure_ptr
 .data.impure_data
                0x2000b970       0x60 C:/ti/ccs1240/ccs/tools/compiler/gcc-arm-none-eabi-9-2019-q4-major/arm-none-eabi/lib/thumb/v7e-m/nofp\libc_nano.a(lib_a-impure.o)
                0x2000b9d0                . = ALIGN (0x4)
                0x2000b9d0                __data_end__ = .

.igot.plt       0x2000b9d0        0x0
 .igot.plt      0x2000b9d0        0x0 ./gpiointerrupt.o

.ARM.exidx      0x2000b9d0        0x8
                0x2000b9d0                __exidx_start = .
 *(.ARM.exidx* .gnu.linkonce.armexidx.*)
 .ARM.exidx     0x2000b9d0        0x8 c:/ti/ccs1240/ccs/tools/compiler/gcc-arm-none-eabi-9-2019-q4-major/bin/../lib/gcc/arm-none-eabi/9.2.1/thumb/v7e-m/nofp\libgcc.a(_udivmoddi4.o)
                0x2000b9d8                __exidx_end = .

.rel.dyn        0x2000b9d8        0x0
 .rel.iplt      0x2000b9d8        0x0 ./gpiointerrupt.o

.ARM.extab
 *(.ARM.extab* .gnu.linkonce.armextab.*)

.bss            0x2000bc00     0x1168
                0x2000bc00                __bss_start__ = .
 *(.shbss)
 *(.bss)
 *(.bss.*)
 .bss.buttonDownPressed
                0x2000bc00        0x1 ./gpiointerrupt.o
                0x2000bc00                buttonDownPressed
 .bss.buttonUpPressed
                0x2000bc01        0x1 ./gpiointerrupt.o
                0x2000bc01                buttonUpPressed
 .bss.heatIsOn  0x2000bc02        0x1 ./gpiointerrupt.o
                0x2000bc02                heatIsOn
 *fill*         0x2000bc03      0x3fd 
 .bss.dmaControlTable
                0x2000c000      0x400 ./syscfg/ti_drivers_config.o
 .bss.uart2RxRingBuffer0
                0x2000c400       0x20 ./syscfg/ti_drivers_config.o
 .bss.uart2TxRingBuffer0
                0x2000c420       0x20 ./syscfg/ti_drivers_config.o
 .bss.initCalled
                0x2000c440        0x1 C:/ti/simplelink_cc32xx_sdk_7_10_00_13/source\ti/drivers/lib/gcc/m4/drivers_cc32xx.a(GPIOCC32XX.c.obj)
 *fill*         0x2000c441        0x3 
 .bss.initSem.4818
                0x2000c444        0x4 C:/ti/simplelink_cc32xx_sdk_7_10_00_13/source\ti/drivers/lib/gcc/m4/drivers_cc32xx.a(GPIOCC32XX.c.obj)
 .bss.portHwiCreatedBitMask
                0x2000c448        0x1 C:/ti/simplelink_cc32xx_sdk_7_10_00_13/source\ti/drivers/lib/gcc/m4/drivers_cc32xx.a(GPIOCC32XX.c.obj)
 *fill*         0x2000c449        0x3 
 .bss.powerNotifyObj
                0x2000c44c       0x14 C:/ti/simplelink_cc32xx_sdk_7_10_00_13/source\ti/drivers/lib/gcc/m4/drivers_cc32xx.a(GPIOCC32XX.c.obj)
 .bss.timerState
                0x2000c460        0x4 C:/ti/simplelink_cc32xx_sdk_7_10_00_13/source\ti/drivers/lib/gcc/m4/drivers_cc32xx.a(TimerCC32XX.c.obj)
 .bss.dmaInitialized
                0x2000c464        0x1 C:/ti/simplelink_cc32xx_sdk_7_10_00_13/source\ti/drivers/lib/gcc/m4/drivers_cc32xx.a(UDMACC32XX.c.obj)
 *fill*         0x2000c465        0x3 
 .bss.postNotifyObj
                0x2000c468       0x14 C:/ti/simplelink_cc32xx_sdk_7_10_00_13/source\ti/drivers/lib/gcc/m4/drivers_cc32xx.a(UDMACC32XX.c.obj)
 .bss.refCount  0x2000c47c        0x4 C:/ti/simplelink_cc32xx_sdk_7_10_00_13/source\ti/drivers/lib/gcc/m4/drivers_cc32xx.a(UDMACC32XX.c.obj)
 .bss.SemaphoreP_initialized
                0x2000c480        0x1 C:/ti/simplelink_cc32xx_sdk_7_10_00_13/kernel/nortos\lib/gcc/m4/nortos_cc32xx.a(SemaphoreP_nortos.c.obj)
 .bss.doEnablePolicy
                0x2000c481        0x1 C:/ti/simplelink_cc32xx_sdk_7_10_00_13/kernel/nortos\lib/gcc/m4/nortos_cc32xx.a(SemaphoreP_nortos.c.obj)
 .bss.pendInProgress
                0x2000c482        0x1 C:/ti/simplelink_cc32xx_sdk_7_10_00_13/kernel/nortos\lib/gcc/m4/nortos_cc32xx.a(SemaphoreP_nortos.c.obj)
 .bss.ClockP_initialized
                0x2000c483        0x1 C:/ti/simplelink_cc32xx_sdk_7_10_00_13/kernel/nortos\lib/gcc/m4/nortos_cc32xx.a(ClockPSysTick_nortos.c.obj)
 .bss.sysTickPeriod
                0x2000c484        0x4 C:/ti/simplelink_cc32xx_sdk_7_10_00_13/kernel/nortos\lib/gcc/m4/nortos_cc32xx.a(ClockPSysTick_nortos.c.obj)
 .bss.HwiP_dispatchTable
                0x2000c488      0x30c C:/ti/simplelink_cc32xx_sdk_7_10_00_13/kernel/nortos\lib/gcc/m4/nortos_cc32xx.a(HwiPCC32XX_nortos.c.obj)
 .bss.SwiP_lockState
                0x2000c794        0x4 C:/ti/simplelink_cc32xx_sdk_7_10_00_13/kernel/nortos\lib/gcc/m4/nortos_cc32xx.a(SwiP_nortos.c.obj)
 .bss.SwiP_readyMask
                0x2000c798        0x4 C:/ti/simplelink_cc32xx_sdk_7_10_00_13/kernel/nortos\lib/gcc/m4/nortos_cc32xx.a(SwiP_nortos.c.obj)
 .bss.SwiP_schedulerRunning
                0x2000c79c        0x1 C:/ti/simplelink_cc32xx_sdk_7_10_00_13/kernel/nortos\lib/gcc/m4/nortos_cc32xx.a(SwiP_nortos.c.obj)
 *fill*         0x2000c79d        0x3 
 .bss.__malloc_free_list
                0x2000c7a0        0x4 C:/ti/ccs1240/ccs/tools/compiler/gcc-arm-none-eabi-9-2019-q4-major/arm-none-eabi/lib/thumb/v7e-m/nofp\libc_nano.a(lib_a-nano-mallocr.o)
                0x2000c7a0                __malloc_free_list
 .bss.__malloc_sbrk_start
                0x2000c7a4        0x4 C:/ti/ccs1240/ccs/tools/compiler/gcc-arm-none-eabi-9-2019-q4-major/arm-none-eabi/lib/thumb/v7e-m/nofp\libc_nano.a(lib_a-nano-mallocr.o)
                0x2000c7a4                __malloc_sbrk_start
 .bss.heap_end.4144
                0x2000c7a8        0x4 C:/ti/ccs1240/ccs/tools/compiler/gcc-arm-none-eabi-9-2019-q4-major/arm-none-eabi/lib/thumb/v7e-m/nofp\libnosys.a(sbrk.o)
 *(COMMON)
 COMMON         0x2000c7ac       0x64 ./gpiointerrupt.o
                0x2000c7ac                output
                0x2000c7ec                i2cTransaction
                0x2000c800                i2c
                0x2000c804                rxBuffer
                0x2000c808                txBuffer
                0x2000c80c                uart
 COMMON         0x2000c810      0x408 ./syscfg/ti_drivers_config.o
                0x2000c810                gpioCallbackFunctions
                0x2000c894                uart2CC32XXObjects0
                0x2000ca0c                udmaCC3220SObject
                0x2000ca14                timerCC32XXObjects
                0x2000ca98                i2cCC32XXObjects
                0x2000cb94                gpioUserArgs
 COMMON         0x2000cc18      0x12c C:/ti/simplelink_cc32xx_sdk_7_10_00_13/source\ti/drivers/lib/gcc/m4/drivers_cc32xx.a(PowerCC32XX.c.obj)
                0x2000cc18                PowerCC32XX_contextSave
 *fill*         0x2000cd44        0x4 
 COMMON         0x2000cd48       0x10 C:/ti/simplelink_cc32xx_sdk_7_10_00_13/kernel/nortos\lib/gcc/m4/nortos_cc32xx.a(ClockPSysTick_nortos.c.obj)
                0x2000cd48                ClockP_ctrl
 COMMON         0x2000cd58        0x4 C:/ti/ccs1240/ccs/tools/compiler/gcc-arm-none-eabi-9-2019-q4-major/arm-none-eabi/lib/thumb/v7e-m/nofp\libc_nano.a(lib_a-reent.o)
                0x2000cd58                errno
 COMMON         0x2000cd5c        0x9 C:/ti/ccs1240/ccs/tools/compiler/gcc-arm-none-eabi-9-2019-q4-major/arm-none-eabi/lib/thumb/v7e-m/nofp\libc_nano.a(lib_a-lock.o)
                0x2000cd5c                __lock___atexit_recursive_mutex
                0x2000cd5d                __lock___arc4random_mutex
                0x2000cd5e                __lock___env_recursive_mutex
                0x2000cd5f                __lock___sinit_recursive_mutex
                0x2000cd60                __lock___malloc_recursive_mutex
                0x2000cd61                __lock___at_quick_exit_mutex
                0x2000cd62                __lock___dd_hash_mutex
                0x2000cd63                __lock___tz_mutex
                0x2000cd64                __lock___sfp_recursive_mutex
                0x2000cd68                . = ALIGN (0x4)
 *fill*         0x2000cd65        0x3 
                0x2000cd68                __bss_end__ = .

.heap           0x2000cd68     0x8000
                0x2000cd68                __heap_start__ = .
                0x2000cd68                end = __heap_start__
                0x2000cd68                _end = end
                0x2000cd68                __end = end
                0x20014d68                . = (. + HEAP_SIZE)
 *fill*         0x2000cd68     0x8000 
 *(.heap)
                0x20014d68                __heap_end__ = .
                0x20014d68                __HeapLimit = __heap_end__

.stack          0x20014d68     0x1000
                0x20014d68                _stack = .
                0x20014d68                __stack = .
 *(.stack)
                0x20015d68                . = (. + STACKSIZE)
 *fill*         0x20014d68     0x1000 
                0x20015d68                _stack_end = .
                0x20015d68                __stack_end = .

.log_data
 *(.log_data)

.log_ptr
 *(.log_ptr*)
LOAD C:/Users/adamj/OneDrive/Desktop/FinalProjectCS350/gpiointerrupt_CC3220S_LAUNCHXL_nortos_gcc/Debug/syscfg\ti_utils_build_linker.cmd.genlibs
LOAD C:/ti/simplelink_cc32xx_sdk_7_10_00_13/source\ti/drivers/lib/gcc/m4/drivers_cc32xx.a
LOAD C:/ti/simplelink_cc32xx_sdk_7_10_00_13/source\ti/grlib/lib/gcc/m4/grlib.a
LOAD C:/ti/simplelink_cc32xx_sdk_7_10_00_13/kernel/nortos\lib/gcc/m4/nortos_cc32xx.a
LOAD C:/ti/simplelink_cc32xx_sdk_7_10_00_13/source\ti/devices/cc32xx/driverlib/gcc/Release/driverlib.a
LOAD c:/ti/ccs1240/ccs/tools/compiler/gcc-arm-none-eabi-9-2019-q4-major/bin/../lib/gcc/arm-none-eabi/9.2.1/thumb/v7e-m/nofp\libgcc.a
LOAD C:/ti/ccs1240/ccs/tools/compiler/gcc-arm-none-eabi-9-2019-q4-major/arm-none-eabi/lib/thumb/v7e-m/nofp\libc_nano.a
LOAD C:/ti/ccs1240/ccs/tools/compiler/gcc-arm-none-eabi-9-2019-q4-major/arm-none-eabi/lib/thumb/v7e-m/nofp\libm.a
LOAD C:/ti/ccs1240/ccs/tools/compiler/gcc-arm-none-eabi-9-2019-q4-major/arm-none-eabi/lib/thumb/v7e-m/nofp\libnosys.a
START GROUP
LOAD c:/ti/ccs1240/ccs/tools/compiler/gcc-arm-none-eabi-9-2019-q4-major/bin/../lib/gcc/arm-none-eabi/9.2.1/thumb/v7e-m/nofp\libgcc.a
LOAD C:/ti/ccs1240/ccs/tools/compiler/gcc-arm-none-eabi-9-2019-q4-major/arm-none-eabi/lib/thumb/v7e-m/nofp\libg_nano.a
LOAD C:/ti/ccs1240/ccs/tools/compiler/gcc-arm-none-eabi-9-2019-q4-major/arm-none-eabi/lib/thumb/v7e-m/nofp\libc_nano.a
END GROUP
START GROUP
LOAD c:/ti/ccs1240/ccs/tools/compiler/gcc-arm-none-eabi-9-2019-q4-major/bin/../lib/gcc/arm-none-eabi/9.2.1/thumb/v7e-m/nofp\libgcc.a
LOAD C:/ti/ccs1240/ccs/tools/compiler/gcc-arm-none-eabi-9-2019-q4-major/arm-none-eabi/lib/thumb/v7e-m/nofp\libc_nano.a
END GROUP
OUTPUT(gpiointerrupt_CC3220S_LAUNCHXL_nortos_gcc.out elf32-littlearm)

.debug_info     0x00000000    0x1cf92
 .debug_info    0x00000000     0x1403 ./gpiointerrupt.o
 .debug_info    0x00001403     0x15e8 ./syscfg/ti_drivers_config.o
 .debug_info    0x000029eb       0x84 ./main_nortos.o
 .debug_info    0x00002a6f     0x10c8 C:/ti/simplelink_cc32xx_sdk_7_10_00_13/source\ti/drivers/lib/gcc/m4/drivers_cc32xx.a(GPIOCC32XX.c.obj)
 .debug_info    0x00003b37     0x11d4 C:/ti/simplelink_cc32xx_sdk_7_10_00_13/source\ti/drivers/lib/gcc/m4/drivers_cc32xx.a(I2C.c.obj)
 .debug_info    0x00004d0b     0x1eb3 C:/ti/simplelink_cc32xx_sdk_7_10_00_13/source\ti/drivers/lib/gcc/m4/drivers_cc32xx.a(I2CCC32XX.c.obj)
 .debug_info    0x00006bbe     0x1f70 C:/ti/simplelink_cc32xx_sdk_7_10_00_13/source\ti/drivers/lib/gcc/m4/drivers_cc32xx.a(PowerCC32XX.c.obj)
 .debug_info    0x00008b2e     0x101d C:/ti/simplelink_cc32xx_sdk_7_10_00_13/source\ti/drivers/lib/gcc/m4/drivers_cc32xx.a(Timer.c.obj)
 .debug_info    0x00009b4b     0x126b C:/ti/simplelink_cc32xx_sdk_7_10_00_13/source\ti/drivers/lib/gcc/m4/drivers_cc32xx.a(TimerCC32XX.c.obj)
 .debug_info    0x0000adb6     0x2138 C:/ti/simplelink_cc32xx_sdk_7_10_00_13/source\ti/drivers/lib/gcc/m4/drivers_cc32xx.a(UART2.c.obj)
 .debug_info    0x0000ceee     0x2db2 C:/ti/simplelink_cc32xx_sdk_7_10_00_13/source\ti/drivers/lib/gcc/m4/drivers_cc32xx.a(UART2CC32XX.c.obj)
 .debug_info    0x0000fca0      0xc58 C:/ti/simplelink_cc32xx_sdk_7_10_00_13/source\ti/drivers/lib/gcc/m4/drivers_cc32xx.a(List.c.obj)
 .debug_info    0x000108f8      0x811 C:/ti/simplelink_cc32xx_sdk_7_10_00_13/source\ti/drivers/lib/gcc/m4/drivers_cc32xx.a(RingBuf.c.obj)
 .debug_info    0x00011109      0x632 C:/ti/simplelink_cc32xx_sdk_7_10_00_13/source\ti/drivers/lib/gcc/m4/drivers_cc32xx.a(UDMACC32XX.c.obj)
 .debug_info    0x0001173b      0x1ec C:/ti/simplelink_cc32xx_sdk_7_10_00_13/kernel/nortos\lib/gcc/m4/nortos_cc32xx.a(NoRTOS.c.obj)
 .debug_info    0x00011927      0x124 C:/ti/simplelink_cc32xx_sdk_7_10_00_13/kernel/nortos\lib/gcc/m4/nortos_cc32xx.a(posix_sleep.c.obj)
 .debug_info    0x00011a4b     0x1498 C:/ti/simplelink_cc32xx_sdk_7_10_00_13/kernel/nortos\lib/gcc/m4/nortos_cc32xx.a(SemaphoreP_nortos.c.obj)
 .debug_info    0x00012ee3     0x1b01 C:/ti/simplelink_cc32xx_sdk_7_10_00_13/kernel/nortos\lib/gcc/m4/nortos_cc32xx.a(ClockPSysTick_nortos.c.obj)
 .debug_info    0x000149e4     0x17d2 C:/ti/simplelink_cc32xx_sdk_7_10_00_13/kernel/nortos\lib/gcc/m4/nortos_cc32xx.a(HwiPCC32XX_nortos.c.obj)
 .debug_info    0x000161b6      0x8aa C:/ti/simplelink_cc32xx_sdk_7_10_00_13/kernel/nortos\lib/gcc/m4/nortos_cc32xx.a(PowerCC32XX_nortos.c.obj)
 .debug_info    0x00016a60      0xb83 C:/ti/simplelink_cc32xx_sdk_7_10_00_13/kernel/nortos\lib/gcc/m4/nortos_cc32xx.a(startup_cc32xx_gcc.c.obj)
 .debug_info    0x000175e3     0x1a3a C:/ti/simplelink_cc32xx_sdk_7_10_00_13/kernel/nortos\lib/gcc/m4/nortos_cc32xx.a(SwiP_nortos.c.obj)
 .debug_info    0x0001901d      0x109 C:/ti/simplelink_cc32xx_sdk_7_10_00_13/source\ti/devices/cc32xx/driverlib/gcc/Release/driverlib.a(cpu.obj)
 .debug_info    0x00019126      0x3e6 C:/ti/simplelink_cc32xx_sdk_7_10_00_13/source\ti/devices/cc32xx/driverlib/gcc/Release/driverlib.a(gpio.obj)
 .debug_info    0x0001950c      0xc41 C:/ti/simplelink_cc32xx_sdk_7_10_00_13/source\ti/devices/cc32xx/driverlib/gcc/Release/driverlib.a(i2c.obj)
 .debug_info    0x0001a14d      0x3a3 C:/ti/simplelink_cc32xx_sdk_7_10_00_13/source\ti/devices/cc32xx/driverlib/gcc/Release/driverlib.a(interrupt.obj)
 .debug_info    0x0001a4f0      0x545 C:/ti/simplelink_cc32xx_sdk_7_10_00_13/source\ti/devices/cc32xx/driverlib/gcc/Release/driverlib.a(pin.obj)
 .debug_info    0x0001aa35      0xc9c C:/ti/simplelink_cc32xx_sdk_7_10_00_13/source\ti/devices/cc32xx/driverlib/gcc/Release/driverlib.a(prcm.obj)
 .debug_info    0x0001b6d1      0x10e C:/ti/simplelink_cc32xx_sdk_7_10_00_13/source\ti/devices/cc32xx/driverlib/gcc/Release/driverlib.a(systick.obj)
 .debug_info    0x0001b7df      0x612 C:/ti/simplelink_cc32xx_sdk_7_10_00_13/source\ti/devices/cc32xx/driverlib/gcc/Release/driverlib.a(timer.obj)
 .debug_info    0x0001bdf1      0x89d C:/ti/simplelink_cc32xx_sdk_7_10_00_13/source\ti/devices/cc32xx/driverlib/gcc/Release/driverlib.a(uart.obj)
 .debug_info    0x0001c68e      0x58d C:/ti/simplelink_cc32xx_sdk_7_10_00_13/source\ti/devices/cc32xx/driverlib/gcc/Release/driverlib.a(udma.obj)
 .debug_info    0x0001cc1b       0x52 C:/ti/simplelink_cc32xx_sdk_7_10_00_13/source\ti/devices/cc32xx/driverlib/gcc/Release/driverlib.a(utils.obj)
 .debug_info    0x0001cc6d      0x325 C:/ti/simplelink_cc32xx_sdk_7_10_00_13/source\ti/devices/cc32xx/driverlib/gcc/Release/driverlib.a(flash.obj)

.debug_abbrev   0x00000000     0x5940
 .debug_abbrev  0x00000000      0x33a ./gpiointerrupt.o
 .debug_abbrev  0x0000033a      0x279 ./syscfg/ti_drivers_config.o
 .debug_abbrev  0x000005b3       0x43 ./main_nortos.o
 .debug_abbrev  0x000005f6      0x386 C:/ti/simplelink_cc32xx_sdk_7_10_00_13/source\ti/drivers/lib/gcc/m4/drivers_cc32xx.a(GPIOCC32XX.c.obj)
 .debug_abbrev  0x0000097c      0x3d5 C:/ti/simplelink_cc32xx_sdk_7_10_00_13/source\ti/drivers/lib/gcc/m4/drivers_cc32xx.a(I2C.c.obj)
 .debug_abbrev  0x00000d51      0x512 C:/ti/simplelink_cc32xx_sdk_7_10_00_13/source\ti/drivers/lib/gcc/m4/drivers_cc32xx.a(I2CCC32XX.c.obj)
 .debug_abbrev  0x00001263      0x509 C:/ti/simplelink_cc32xx_sdk_7_10_00_13/source\ti/drivers/lib/gcc/m4/drivers_cc32xx.a(PowerCC32XX.c.obj)
 .debug_abbrev  0x0000176c      0x303 C:/ti/simplelink_cc32xx_sdk_7_10_00_13/source\ti/drivers/lib/gcc/m4/drivers_cc32xx.a(Timer.c.obj)
 .debug_abbrev  0x00001a6f      0x458 C:/ti/simplelink_cc32xx_sdk_7_10_00_13/source\ti/drivers/lib/gcc/m4/drivers_cc32xx.a(TimerCC32XX.c.obj)
 .debug_abbrev  0x00001ec7      0x45a C:/ti/simplelink_cc32xx_sdk_7_10_00_13/source\ti/drivers/lib/gcc/m4/drivers_cc32xx.a(UART2.c.obj)
 .debug_abbrev  0x00002321      0x54d C:/ti/simplelink_cc32xx_sdk_7_10_00_13/source\ti/drivers/lib/gcc/m4/drivers_cc32xx.a(UART2CC32XX.c.obj)
 .debug_abbrev  0x0000286e      0x27b C:/ti/simplelink_cc32xx_sdk_7_10_00_13/source\ti/drivers/lib/gcc/m4/drivers_cc32xx.a(List.c.obj)
 .debug_abbrev  0x00002ae9      0x249 C:/ti/simplelink_cc32xx_sdk_7_10_00_13/source\ti/drivers/lib/gcc/m4/drivers_cc32xx.a(RingBuf.c.obj)
 .debug_abbrev  0x00002d32      0x217 C:/ti/simplelink_cc32xx_sdk_7_10_00_13/source\ti/drivers/lib/gcc/m4/drivers_cc32xx.a(UDMACC32XX.c.obj)
 .debug_abbrev  0x00002f49      0x116 C:/ti/simplelink_cc32xx_sdk_7_10_00_13/kernel/nortos\lib/gcc/m4/nortos_cc32xx.a(NoRTOS.c.obj)
 .debug_abbrev  0x0000305f       0xaa C:/ti/simplelink_cc32xx_sdk_7_10_00_13/kernel/nortos\lib/gcc/m4/nortos_cc32xx.a(posix_sleep.c.obj)
 .debug_abbrev  0x00003109      0x470 C:/ti/simplelink_cc32xx_sdk_7_10_00_13/kernel/nortos\lib/gcc/m4/nortos_cc32xx.a(SemaphoreP_nortos.c.obj)
 .debug_abbrev  0x00003579      0x5d6 C:/ti/simplelink_cc32xx_sdk_7_10_00_13/kernel/nortos\lib/gcc/m4/nortos_cc32xx.a(ClockPSysTick_nortos.c.obj)
 .debug_abbrev  0x00003b4f      0x4e6 C:/ti/simplelink_cc32xx_sdk_7_10_00_13/kernel/nortos\lib/gcc/m4/nortos_cc32xx.a(HwiPCC32XX_nortos.c.obj)
 .debug_abbrev  0x00004035      0x249 C:/ti/simplelink_cc32xx_sdk_7_10_00_13/kernel/nortos\lib/gcc/m4/nortos_cc32xx.a(PowerCC32XX_nortos.c.obj)
 .debug_abbrev  0x0000427e      0x301 C:/ti/simplelink_cc32xx_sdk_7_10_00_13/kernel/nortos\lib/gcc/m4/nortos_cc32xx.a(startup_cc32xx_gcc.c.obj)
 .debug_abbrev  0x0000457f      0x523 C:/ti/simplelink_cc32xx_sdk_7_10_00_13/kernel/nortos\lib/gcc/m4/nortos_cc32xx.a(SwiP_nortos.c.obj)
 .debug_abbrev  0x00004aa2       0xe0 C:/ti/simplelink_cc32xx_sdk_7_10_00_13/source\ti/devices/cc32xx/driverlib/gcc/Release/driverlib.a(cpu.obj)
 .debug_abbrev  0x00004b82      0x12e C:/ti/simplelink_cc32xx_sdk_7_10_00_13/source\ti/devices/cc32xx/driverlib/gcc/Release/driverlib.a(gpio.obj)
 .debug_abbrev  0x00004cb0      0x134 C:/ti/simplelink_cc32xx_sdk_7_10_00_13/source\ti/devices/cc32xx/driverlib/gcc/Release/driverlib.a(i2c.obj)
 .debug_abbrev  0x00004de4      0x15d C:/ti/simplelink_cc32xx_sdk_7_10_00_13/source\ti/devices/cc32xx/driverlib/gcc/Release/driverlib.a(interrupt.obj)
 .debug_abbrev  0x00004f41      0x158 C:/ti/simplelink_cc32xx_sdk_7_10_00_13/source\ti/devices/cc32xx/driverlib/gcc/Release/driverlib.a(pin.obj)